   1              		.cpu cortex-m4
   2              		.eabi_attribute 20, 1
   3              		.eabi_attribute 21, 1
   4              		.eabi_attribute 23, 3
   5              		.eabi_attribute 24, 1
   6              		.eabi_attribute 25, 1
   7              		.eabi_attribute 26, 1
   8              		.eabi_attribute 30, 4
   9              		.eabi_attribute 34, 1
  10              		.eabi_attribute 18, 4
  11              		.file	"simpleserial-aes.c"
  12              		.text
  13              	.Ltext0:
  14              		.cfi_sections	.debug_frame
  15              		.section	.text.reset,"ax",%progbits
  16              		.align	1
  17              		.global	reset
  18              		.arch armv7e-m
  19              		.syntax unified
  20              		.thumb
  21              		.thumb_func
  22              		.fpu softvfp
  24              	reset:
  25              	.LVL0:
  26              	.LFB5:
  27              		.file 1 "simpleserial-aes.c"
   1:simpleserial-aes.c **** /*
   2:simpleserial-aes.c ****     This file is part of the ChipWhisperer Example Targets
   3:simpleserial-aes.c ****     Copyright (C) 2012-2017 NewAE Technology Inc.
   4:simpleserial-aes.c **** 
   5:simpleserial-aes.c ****     This program is free software: you can redistribute it and/or modify
   6:simpleserial-aes.c ****     it under the terms of the GNU General Public License as published by
   7:simpleserial-aes.c ****     the Free Software Foundation, either version 3 of the License, or
   8:simpleserial-aes.c ****     (at your option) any later version.
   9:simpleserial-aes.c **** 
  10:simpleserial-aes.c ****     This program is distributed in the hope that it will be useful,
  11:simpleserial-aes.c ****     but WITHOUT ANY WARRANTY; without even the implied warranty of
  12:simpleserial-aes.c ****     MERCHANTABILITY or FITNESS FOR A PARTICULAR PURPOSE.  See the
  13:simpleserial-aes.c ****     GNU General Public License for more details.
  14:simpleserial-aes.c **** 
  15:simpleserial-aes.c ****     You should have received a copy of the GNU General Public License
  16:simpleserial-aes.c ****     along with this program.  If not, see <http://www.gnu.org/licenses/>.
  17:simpleserial-aes.c **** */
  18:simpleserial-aes.c **** 
  19:simpleserial-aes.c **** #include "aes-independant.h"
  20:simpleserial-aes.c **** #include "hal.h"
  21:simpleserial-aes.c **** #include "simpleserial.h"
  22:simpleserial-aes.c **** #include <stdint.h>
  23:simpleserial-aes.c **** #include <stdlib.h>
  24:simpleserial-aes.c **** 
  25:simpleserial-aes.c **** uint8_t get_mask(uint8_t* m, uint8_t len)
  26:simpleserial-aes.c **** {
  27:simpleserial-aes.c ****   aes_indep_mask(m, len);
  28:simpleserial-aes.c ****   return 0x00;
  29:simpleserial-aes.c **** }
  30:simpleserial-aes.c **** 
  31:simpleserial-aes.c **** uint8_t get_key(uint8_t* k, uint8_t len)
  32:simpleserial-aes.c **** {
  33:simpleserial-aes.c **** 	aes_indep_key(k);
  34:simpleserial-aes.c **** 	return 0x00;
  35:simpleserial-aes.c **** }
  36:simpleserial-aes.c **** 
  37:simpleserial-aes.c **** uint8_t get_pt(uint8_t* pt, uint8_t len)
  38:simpleserial-aes.c **** {
  39:simpleserial-aes.c ****     aes_indep_enc_pretrigger(pt);
  40:simpleserial-aes.c **** 
  41:simpleserial-aes.c **** 	trigger_high();
  42:simpleserial-aes.c **** 
  43:simpleserial-aes.c ****   #ifdef ADD_JITTER
  44:simpleserial-aes.c ****   for (volatile uint8_t k = 0; k < (*pt & 0x0F); k++);
  45:simpleserial-aes.c ****   #endif
  46:simpleserial-aes.c **** 
  47:simpleserial-aes.c **** 	aes_indep_enc(pt); /* encrypting the data block */
  48:simpleserial-aes.c **** 	trigger_low();
  49:simpleserial-aes.c **** 
  50:simpleserial-aes.c ****     aes_indep_enc_posttrigger(pt);
  51:simpleserial-aes.c **** 
  52:simpleserial-aes.c **** 	simpleserial_put('r', 16, pt);
  53:simpleserial-aes.c **** 	return 0x00;
  54:simpleserial-aes.c **** }
  55:simpleserial-aes.c **** 
  56:simpleserial-aes.c **** uint8_t reset(uint8_t* x, uint8_t len)
  57:simpleserial-aes.c **** {
  28              		.loc 1 57 1 view -0
  29              		.cfi_startproc
  30              		@ args = 0, pretend = 0, frame = 0
  31              		@ frame_needed = 0, uses_anonymous_args = 0
  32              		@ link register save eliminated.
  58:simpleserial-aes.c ****     // Reset key here if needed
  59:simpleserial-aes.c **** 	return 0x00;
  33              		.loc 1 59 2 view .LVU1
  60:simpleserial-aes.c **** }
  34              		.loc 1 60 1 is_stmt 0 view .LVU2
  35 0000 0020     		movs	r0, #0
  36              	.LVL1:
  37              		.loc 1 60 1 view .LVU3
  38 0002 7047     		bx	lr
  39              		.cfi_endproc
  40              	.LFE5:
  42              		.section	.text.enc_multi_setnum,"ax",%progbits
  43              		.align	1
  44              		.global	enc_multi_setnum
  45              		.syntax unified
  46              		.thumb
  47              		.thumb_func
  48              		.fpu softvfp
  50              	enc_multi_setnum:
  51              	.LVL2:
  52              	.LFB7:
  61:simpleserial-aes.c **** 
  62:simpleserial-aes.c **** static uint16_t num_encryption_rounds = 10;
  63:simpleserial-aes.c **** 
  64:simpleserial-aes.c **** uint8_t enc_multi_getpt(uint8_t* pt, uint8_t len)
  65:simpleserial-aes.c **** {
  66:simpleserial-aes.c ****     aes_indep_enc_pretrigger(pt);
  67:simpleserial-aes.c **** 
  68:simpleserial-aes.c ****     for(unsigned int i = 0; i < num_encryption_rounds; i++){
  69:simpleserial-aes.c ****         trigger_high();
  70:simpleserial-aes.c ****         aes_indep_enc(pt);
  71:simpleserial-aes.c ****         trigger_low();
  72:simpleserial-aes.c ****     }
  73:simpleserial-aes.c **** 
  74:simpleserial-aes.c ****     aes_indep_enc_posttrigger(pt);
  75:simpleserial-aes.c **** 	simpleserial_put('r', 16, pt);
  76:simpleserial-aes.c ****     return 0;
  77:simpleserial-aes.c **** }
  78:simpleserial-aes.c **** 
  79:simpleserial-aes.c **** uint8_t enc_multi_setnum(uint8_t* t, uint8_t len)
  80:simpleserial-aes.c **** {
  53              		.loc 1 80 1 is_stmt 1 view -0
  54              		.cfi_startproc
  55              		@ args = 0, pretend = 0, frame = 0
  56              		@ frame_needed = 0, uses_anonymous_args = 0
  57              		@ link register save eliminated.
  81:simpleserial-aes.c ****     //Assumes user entered a number like [0, 200] to mean "200"
  82:simpleserial-aes.c ****     //which is most sane looking for humans I think
  83:simpleserial-aes.c ****     num_encryption_rounds = t[1];
  58              		.loc 1 83 5 view .LVU5
  84:simpleserial-aes.c ****     num_encryption_rounds |= t[0] << 8;
  59              		.loc 1 84 5 view .LVU6
  60              		.loc 1 84 27 is_stmt 0 view .LVU7
  61 0000 0388     		ldrh	r3, [r0]	@ unaligned
  62 0002 024A     		ldr	r2, .L3
  63 0004 5BBA     		rev16	r3, r3
  64 0006 1380     		strh	r3, [r2]	@ movhi
  85:simpleserial-aes.c ****     return 0;
  65              		.loc 1 85 5 is_stmt 1 view .LVU8
  86:simpleserial-aes.c **** }
  66              		.loc 1 86 1 is_stmt 0 view .LVU9
  67 0008 0020     		movs	r0, #0
  68              	.LVL3:
  69              		.loc 1 86 1 view .LVU10
  70 000a 7047     		bx	lr
  71              	.L4:
  72              		.align	2
  73              	.L3:
  74 000c 00000000 		.word	.LANCHOR0
  75              		.cfi_endproc
  76              	.LFE7:
  78              		.section	.text.get_mask,"ax",%progbits
  79              		.align	1
  80              		.global	get_mask
  81              		.syntax unified
  82              		.thumb
  83              		.thumb_func
  84              		.fpu softvfp
  86              	get_mask:
  87              	.LVL4:
  88              	.LFB2:
  26:simpleserial-aes.c ****   aes_indep_mask(m, len);
  89              		.loc 1 26 1 is_stmt 1 view -0
  90              		.cfi_startproc
  91              		@ args = 0, pretend = 0, frame = 0
  92              		@ frame_needed = 0, uses_anonymous_args = 0
  27:simpleserial-aes.c ****   return 0x00;
  93              		.loc 1 27 3 view .LVU12
  26:simpleserial-aes.c ****   aes_indep_mask(m, len);
  94              		.loc 1 26 1 is_stmt 0 view .LVU13
  95 0000 08B5     		push	{r3, lr}
  96              	.LCFI0:
  97              		.cfi_def_cfa_offset 8
  98              		.cfi_offset 3, -8
  99              		.cfi_offset 14, -4
  27:simpleserial-aes.c ****   return 0x00;
 100              		.loc 1 27 3 view .LVU14
 101 0002 FFF7FEFF 		bl	aes_indep_mask
 102              	.LVL5:
  28:simpleserial-aes.c **** }
 103              		.loc 1 28 3 is_stmt 1 view .LVU15
  29:simpleserial-aes.c **** 
 104              		.loc 1 29 1 is_stmt 0 view .LVU16
 105 0006 0020     		movs	r0, #0
 106 0008 08BD     		pop	{r3, pc}
 107              		.cfi_endproc
 108              	.LFE2:
 110              		.section	.text.get_key,"ax",%progbits
 111              		.align	1
 112              		.global	get_key
 113              		.syntax unified
 114              		.thumb
 115              		.thumb_func
 116              		.fpu softvfp
 118              	get_key:
 119              	.LVL6:
 120              	.LFB3:
  32:simpleserial-aes.c **** 	aes_indep_key(k);
 121              		.loc 1 32 1 is_stmt 1 view -0
 122              		.cfi_startproc
 123              		@ args = 0, pretend = 0, frame = 0
 124              		@ frame_needed = 0, uses_anonymous_args = 0
  33:simpleserial-aes.c **** 	return 0x00;
 125              		.loc 1 33 2 view .LVU18
  32:simpleserial-aes.c **** 	aes_indep_key(k);
 126              		.loc 1 32 1 is_stmt 0 view .LVU19
 127 0000 08B5     		push	{r3, lr}
 128              	.LCFI1:
 129              		.cfi_def_cfa_offset 8
 130              		.cfi_offset 3, -8
 131              		.cfi_offset 14, -4
  33:simpleserial-aes.c **** 	return 0x00;
 132              		.loc 1 33 2 view .LVU20
 133 0002 FFF7FEFF 		bl	aes_indep_key
 134              	.LVL7:
  34:simpleserial-aes.c **** }
 135              		.loc 1 34 2 is_stmt 1 view .LVU21
  35:simpleserial-aes.c **** 
 136              		.loc 1 35 1 is_stmt 0 view .LVU22
 137 0006 0020     		movs	r0, #0
 138 0008 08BD     		pop	{r3, pc}
 139              		.cfi_endproc
 140              	.LFE3:
 142              		.section	.text.get_pt,"ax",%progbits
 143              		.align	1
 144              		.global	get_pt
 145              		.syntax unified
 146              		.thumb
 147              		.thumb_func
 148              		.fpu softvfp
 150              	get_pt:
 151              	.LVL8:
 152              	.LFB4:
  38:simpleserial-aes.c ****     aes_indep_enc_pretrigger(pt);
 153              		.loc 1 38 1 is_stmt 1 view -0
 154              		.cfi_startproc
 155              		@ args = 0, pretend = 0, frame = 0
 156              		@ frame_needed = 0, uses_anonymous_args = 0
  39:simpleserial-aes.c **** 
 157              		.loc 1 39 5 view .LVU24
  38:simpleserial-aes.c ****     aes_indep_enc_pretrigger(pt);
 158              		.loc 1 38 1 is_stmt 0 view .LVU25
 159 0000 10B5     		push	{r4, lr}
 160              	.LCFI2:
 161              		.cfi_def_cfa_offset 8
 162              		.cfi_offset 4, -8
 163              		.cfi_offset 14, -4
  38:simpleserial-aes.c ****     aes_indep_enc_pretrigger(pt);
 164              		.loc 1 38 1 view .LVU26
 165 0002 0446     		mov	r4, r0
  39:simpleserial-aes.c **** 
 166              		.loc 1 39 5 view .LVU27
 167 0004 FFF7FEFF 		bl	aes_indep_enc_pretrigger
 168              	.LVL9:
  41:simpleserial-aes.c **** 
 169              		.loc 1 41 2 is_stmt 1 view .LVU28
 170 0008 FFF7FEFF 		bl	trigger_high
 171              	.LVL10:
  47:simpleserial-aes.c **** 	trigger_low();
 172              		.loc 1 47 2 view .LVU29
 173 000c 2046     		mov	r0, r4
 174 000e FFF7FEFF 		bl	aes_indep_enc
 175              	.LVL11:
  48:simpleserial-aes.c **** 
 176              		.loc 1 48 2 view .LVU30
 177 0012 FFF7FEFF 		bl	trigger_low
 178              	.LVL12:
  50:simpleserial-aes.c **** 
 179              		.loc 1 50 5 view .LVU31
 180 0016 2046     		mov	r0, r4
 181 0018 FFF7FEFF 		bl	aes_indep_enc_posttrigger
 182              	.LVL13:
  52:simpleserial-aes.c **** 	return 0x00;
 183              		.loc 1 52 2 view .LVU32
 184 001c 2246     		mov	r2, r4
 185 001e 1021     		movs	r1, #16
 186 0020 7220     		movs	r0, #114
 187 0022 FFF7FEFF 		bl	simpleserial_put
 188              	.LVL14:
  53:simpleserial-aes.c **** }
 189              		.loc 1 53 2 view .LVU33
  54:simpleserial-aes.c **** 
 190              		.loc 1 54 1 is_stmt 0 view .LVU34
 191 0026 0020     		movs	r0, #0
 192 0028 10BD     		pop	{r4, pc}
  54:simpleserial-aes.c **** 
 193              		.loc 1 54 1 view .LVU35
 194              		.cfi_endproc
 195              	.LFE4:
 197              		.section	.text.enc_multi_getpt,"ax",%progbits
 198              		.align	1
 199              		.global	enc_multi_getpt
 200              		.syntax unified
 201              		.thumb
 202              		.thumb_func
 203              		.fpu softvfp
 205              	enc_multi_getpt:
 206              	.LVL15:
 207              	.LFB6:
  65:simpleserial-aes.c ****     aes_indep_enc_pretrigger(pt);
 208              		.loc 1 65 1 is_stmt 1 view -0
 209              		.cfi_startproc
 210              		@ args = 0, pretend = 0, frame = 0
 211              		@ frame_needed = 0, uses_anonymous_args = 0
  66:simpleserial-aes.c **** 
 212              		.loc 1 66 5 view .LVU37
  65:simpleserial-aes.c ****     aes_indep_enc_pretrigger(pt);
 213              		.loc 1 65 1 is_stmt 0 view .LVU38
 214 0000 70B5     		push	{r4, r5, r6, lr}
 215              	.LCFI3:
 216              		.cfi_def_cfa_offset 16
 217              		.cfi_offset 4, -16
 218              		.cfi_offset 5, -12
 219              		.cfi_offset 6, -8
 220              		.cfi_offset 14, -4
  65:simpleserial-aes.c ****     aes_indep_enc_pretrigger(pt);
 221              		.loc 1 65 1 view .LVU39
 222 0002 0446     		mov	r4, r0
  66:simpleserial-aes.c **** 
 223              		.loc 1 66 5 view .LVU40
 224 0004 FFF7FEFF 		bl	aes_indep_enc_pretrigger
 225              	.LVL16:
  68:simpleserial-aes.c ****         trigger_high();
 226              		.loc 1 68 5 is_stmt 1 view .LVU41
 227              	.LBB2:
  68:simpleserial-aes.c ****         trigger_high();
 228              		.loc 1 68 9 view .LVU42
  68:simpleserial-aes.c ****         trigger_high();
 229              		.loc 1 68 31 is_stmt 0 view .LVU43
 230 0008 0B4E     		ldr	r6, .L11
  68:simpleserial-aes.c ****         trigger_high();
 231              		.loc 1 68 22 view .LVU44
 232 000a 0025     		movs	r5, #0
 233              	.LVL17:
 234              	.L9:
  68:simpleserial-aes.c ****         trigger_high();
 235              		.loc 1 68 29 is_stmt 1 discriminator 1 view .LVU45
  68:simpleserial-aes.c ****         trigger_high();
 236              		.loc 1 68 31 is_stmt 0 discriminator 1 view .LVU46
 237 000c 3388     		ldrh	r3, [r6]
  68:simpleserial-aes.c ****         trigger_high();
 238              		.loc 1 68 5 discriminator 1 view .LVU47
 239 000e AB42     		cmp	r3, r5
 240 0010 09D8     		bhi	.L10
 241              	.LBE2:
  74:simpleserial-aes.c **** 	simpleserial_put('r', 16, pt);
 242              		.loc 1 74 5 is_stmt 1 view .LVU48
 243 0012 2046     		mov	r0, r4
 244 0014 FFF7FEFF 		bl	aes_indep_enc_posttrigger
 245              	.LVL18:
  75:simpleserial-aes.c ****     return 0;
 246              		.loc 1 75 2 view .LVU49
 247 0018 2246     		mov	r2, r4
 248 001a 1021     		movs	r1, #16
 249 001c 7220     		movs	r0, #114
 250 001e FFF7FEFF 		bl	simpleserial_put
 251              	.LVL19:
  76:simpleserial-aes.c **** }
 252              		.loc 1 76 5 view .LVU50
  77:simpleserial-aes.c **** 
 253              		.loc 1 77 1 is_stmt 0 view .LVU51
 254 0022 0020     		movs	r0, #0
 255 0024 70BD     		pop	{r4, r5, r6, pc}
 256              	.LVL20:
 257              	.L10:
 258              	.LBB3:
  69:simpleserial-aes.c ****         aes_indep_enc(pt);
 259              		.loc 1 69 9 is_stmt 1 discriminator 3 view .LVU52
 260 0026 FFF7FEFF 		bl	trigger_high
 261              	.LVL21:
  70:simpleserial-aes.c ****         trigger_low();
 262              		.loc 1 70 9 discriminator 3 view .LVU53
 263 002a 2046     		mov	r0, r4
 264 002c FFF7FEFF 		bl	aes_indep_enc
 265              	.LVL22:
  71:simpleserial-aes.c ****     }
 266              		.loc 1 71 9 discriminator 3 view .LVU54
  68:simpleserial-aes.c ****         trigger_high();
 267              		.loc 1 68 57 is_stmt 0 discriminator 3 view .LVU55
 268 0030 0135     		adds	r5, r5, #1
 269              	.LVL23:
  71:simpleserial-aes.c ****     }
 270              		.loc 1 71 9 discriminator 3 view .LVU56
 271 0032 FFF7FEFF 		bl	trigger_low
 272              	.LVL24:
  68:simpleserial-aes.c ****         trigger_high();
 273              		.loc 1 68 56 is_stmt 1 discriminator 3 view .LVU57
  68:simpleserial-aes.c ****         trigger_high();
 274              		.loc 1 68 56 is_stmt 0 discriminator 3 view .LVU58
 275 0036 E9E7     		b	.L9
 276              	.L12:
 277              		.align	2
 278              	.L11:
 279 0038 00000000 		.word	.LANCHOR0
 280              	.LBE3:
 281              		.cfi_endproc
 282              	.LFE6:
 284              		.section	.text.change_ok_led,"ax",%progbits
 285              		.align	1
 286              		.weak	change_ok_led
 287              		.syntax unified
 288              		.thumb
 289              		.thumb_func
 290              		.fpu softvfp
 292              	change_ok_led:
 293              	.LFB10:
 294              		.cfi_startproc
 295              		@ args = 0, pretend = 0, frame = 0
 296              		@ frame_needed = 0, uses_anonymous_args = 0
 297              		@ link register save eliminated.
 298 0000 7047     		bx	lr
 299              		.cfi_endproc
 300              	.LFE10:
 302              		.section	.text.change_err_led,"ax",%progbits
 303              		.align	1
 304              		.weak	change_err_led
 305              		.syntax unified
 306              		.thumb
 307              		.thumb_func
 308              		.fpu softvfp
 310              	change_err_led:
 311              	.LVL25:
 312              	.LFB1:
 313              		.file 2 ".././hal/hal.h"
   1:.././hal/hal.h **** /*
   2:.././hal/hal.h ****     This file is part of the ChipWhisperer Example Targets
   3:.././hal/hal.h ****     Copyright (C) 2012-2015 NewAE Technology Inc.
   4:.././hal/hal.h **** 
   5:.././hal/hal.h ****     This program is free software: you can redistribute it and/or modify
   6:.././hal/hal.h ****     it under the terms of the GNU General Public License as published by
   7:.././hal/hal.h ****     the Free Software Foundation, either version 3 of the License, or
   8:.././hal/hal.h ****     (at your option) any later version.
   9:.././hal/hal.h **** 
  10:.././hal/hal.h ****     This program is distributed in the hope that it will be useful,
  11:.././hal/hal.h ****     but WITHOUT ANY WARRANTY; without even the implied warranty of
  12:.././hal/hal.h ****     MERCHANTABILITY or FITNESS FOR A PARTICULAR PURPOSE.  See the
  13:.././hal/hal.h ****     GNU General Public License for more details.
  14:.././hal/hal.h **** 
  15:.././hal/hal.h ****     You should have received a copy of the GNU General Public License
  16:.././hal/hal.h ****     along with this program.  If not, see <http://www.gnu.org/licenses/>.
  17:.././hal/hal.h **** */
  18:.././hal/hal.h **** 
  19:.././hal/hal.h **** #ifndef HAL_H_
  20:.././hal/hal.h **** #define HAL_H_
  21:.././hal/hal.h **** 
  22:.././hal/hal.h **** #include <stdint.h>
  23:.././hal/hal.h **** 
  24:.././hal/hal.h **** void platform_init(void);
  25:.././hal/hal.h **** 
  26:.././hal/hal.h **** //PLATFORM Define Types
  27:.././hal/hal.h **** #define CW301_AVR      1
  28:.././hal/hal.h **** #define CW301_XMEGA    2
  29:.././hal/hal.h **** #define CW303          3
  30:.././hal/hal.h **** #define CW304          4
  31:.././hal/hal.h **** #define CW308_MEGARF   8
  32:.././hal/hal.h **** #define CW308_PIC24FJ  10
  33:.././hal/hal.h **** #define CW308_SAM4L    11
  34:.././hal/hal.h **** #define CW308_SI4010   12
  35:.././hal/hal.h **** #define CW308_MPC5748G 13
  36:.././hal/hal.h **** #define CW308_STM32F0  14
  37:.././hal/hal.h **** #define CW308_STM32F1  15
  38:.././hal/hal.h **** #define CW308_STM32F2  16
  39:.././hal/hal.h **** #define CW308_STM32F3  17
  40:.././hal/hal.h **** #define CW308_STM32F4  18
  41:.././hal/hal.h **** #define CW308_CC2538   19
  42:.././hal/hal.h **** #define CW308_K24F     20
  43:.././hal/hal.h **** #define CW308_NRF52840 21
  44:.././hal/hal.h **** #define CW308_AURIX    22
  45:.././hal/hal.h **** #define CW308_SAML11   23
  46:.././hal/hal.h **** #define CW308_EFM32TG11B 24
  47:.././hal/hal.h **** #define CW308_K82F     25
  48:.././hal/hal.h **** #define CW308_LPC55S6X 26
  49:.././hal/hal.h **** #define CW308_PSOC62   27
  50:.././hal/hal.h **** #define CW308_IMXRT1062 28
  51:.././hal/hal.h **** #define CW308_FE310    29
  52:.././hal/hal.h **** #define CW308_EFR32MG21A  30
  53:.././hal/hal.h **** #define CW308_EFM32GG11  31
  54:.././hal/hal.h **** #define CW308_STM32L5  32
  55:.././hal/hal.h **** #define CW308_STM32L4  33
  56:.././hal/hal.h **** #define CW308_RX65N  34
  57:.././hal/hal.h **** #define CW308_MPC5676R 35
  58:.././hal/hal.h **** #define CW308_NEORV32  36
  59:.././hal/hal.h **** #define CW305_IBEX  37
  60:.././hal/hal.h **** 
  61:.././hal/hal.h **** //HAL_TYPE Define Types
  62:.././hal/hal.h **** #define HAL_avr      1
  63:.././hal/hal.h **** #define HAL_xmega    2
  64:.././hal/hal.h **** #define HAL_pic24f   3
  65:.././hal/hal.h **** #define HAL_sam4l    4
  66:.././hal/hal.h **** #define HAL_stm32f0  5
  67:.././hal/hal.h **** #define HAL_stm32f1  6
  68:.././hal/hal.h **** #define HAL_stm32f2  7
  69:.././hal/hal.h **** #define HAL_stm32f3  8
  70:.././hal/hal.h **** #define HAL_stm32f4  9
  71:.././hal/hal.h **** #define HAL_cc2538   10
  72:.././hal/hal.h **** #define HAL_k24f     11
  73:.././hal/hal.h **** #define HAL_nrf52840 12
  74:.././hal/hal.h **** #define HAL_stm32f0_nano 13
  75:.././hal/hal.h **** #define HAL_aurix    14
  76:.././hal/hal.h **** #define HAL_saml11   15
  77:.././hal/hal.h **** #define HAL_efm32tg11b 16
  78:.././hal/hal.h **** #define HAL_k82f     17
  79:.././hal/hal.h **** #define HAL_lpc55s6x 18
  80:.././hal/hal.h **** #define HAL_psoc62   19
  81:.././hal/hal.h **** #define HAL_imxrt1062 20
  82:.././hal/hal.h **** #define HAL_fe310    21
  83:.././hal/hal.h **** #define HAL_efr32mg21a 22
  84:.././hal/hal.h **** #define HAL_efm32gg11 23
  85:.././hal/hal.h **** #define HAL_stm32l5 24
  86:.././hal/hal.h **** #define HAL_stm32l4 25
  87:.././hal/hal.h **** #define HAL_rx65n 26
  88:.././hal/hal.h **** #define HAL_mpc5676r 27
  89:.././hal/hal.h **** #define HAL_neorv32  28
  90:.././hal/hal.h **** #define HAL_sam4s  29
  91:.././hal/hal.h **** #define HAL_ibex  30
  92:.././hal/hal.h **** 
  93:.././hal/hal.h **** #if HAL_TYPE == HAL_avr
  94:.././hal/hal.h ****     #include <avr/io.h>
  95:.././hal/hal.h ****     #include <util/delay.h>
  96:.././hal/hal.h ****     #include "avr/avr_hal.h"
  97:.././hal/hal.h **** #elif HAL_TYPE == HAL_xmega
  98:.././hal/hal.h ****     #include <avr/io.h>
  99:.././hal/hal.h ****     #include <util/delay.h>
 100:.././hal/hal.h ****     #include "xmega/xmega_hal.h"
 101:.././hal/hal.h ****     #include "xmega/avr_compiler.h"
 102:.././hal/hal.h **** #elif HAL_TYPE == HAL_pic24f
 103:.././hal/hal.h ****     #include <xc.h>
 104:.././hal/hal.h ****     #include "pic24f/pic24f_hal.h"
 105:.././hal/hal.h ****     #include "pic24f/uart.h"
 106:.././hal/hal.h **** #elif HAL_TYPE == HAL_sam4l
 107:.././hal/hal.h ****     #include "sam4l/sam4l_hal.h"
 108:.././hal/hal.h **** #elif HAL_TYPE == HAL_stm32f0
 109:.././hal/hal.h **** 	#include "stm32f0/stm32f0_hal.h"
 110:.././hal/hal.h **** #elif HAL_TYPE == HAL_stm32f1
 111:.././hal/hal.h **** 	#include "stm32f1/stm32f1_hal.h"
 112:.././hal/hal.h **** #elif HAL_TYPE == HAL_stm32f2
 113:.././hal/hal.h **** 	#include "stm32f2/stm32f2_hal.h"
 114:.././hal/hal.h **** #elif HAL_TYPE == HAL_stm32f3
 115:.././hal/hal.h **** 	#include "stm32f3/stm32f3_hal.h"
 116:.././hal/hal.h **** 	#ifdef SECCAN
 117:.././hal/hal.h **** 		#include "stm32f3/stm32f3_hal_seccan.h"
 118:.././hal/hal.h **** 	#endif
 119:.././hal/hal.h **** #elif HAL_TYPE == HAL_stm32f4
 120:.././hal/hal.h **** 	#include "stm32f4/stm32f4_hal.h"
 121:.././hal/hal.h **** #elif HAL_TYPE == HAL_cc2538
 122:.././hal/hal.h **** 	#include "cc2538/cc2538_hal.h"
 123:.././hal/hal.h **** #elif HAL_TYPE == HAL_k24f
 124:.././hal/hal.h ****     #include "k24f/k24f_hal.h"
 125:.././hal/hal.h **** #elif HAL_TYPE == HAL_k82f
 126:.././hal/hal.h **** #include "k82f/k82f_hal.h"
 127:.././hal/hal.h **** #elif HAL_TYPE == HAL_nrf52840
 128:.././hal/hal.h ****     #include "nrf52840/nrf52840_hal.h"   
 129:.././hal/hal.h **** #elif HAL_TYPE == HAL_stm32f0_nano
 130:.././hal/hal.h ****     #include "stm32f0/stm32f0_hal.h" 
 131:.././hal/hal.h ****     void led_error(unsigned int status);
 132:.././hal/hal.h ****     void led_ok(unsigned int status);
 133:.././hal/hal.h **** #elif HAL_TYPE == HAL_aurix
 134:.././hal/hal.h ****     #include "aurix/aurix_hal.h"
 135:.././hal/hal.h **** #elif HAL_TYPE == HAL_saml11
 136:.././hal/hal.h ****      #include "saml11/saml11_hal.h"
 137:.././hal/hal.h **** #elif HAL_TYPE == HAL_efm32tg11b
 138:.././hal/hal.h ****      #include "efm32tg11b/efm32tg11b_hal.h"
 139:.././hal/hal.h **** #elif HAL_TYPE == HAL_lpc55s6x
 140:.././hal/hal.h ****      #include "lpc55s6x/lpc55s6x_hal.h"
 141:.././hal/hal.h **** #elif HAL_TYPE == HAL_psoc62
 142:.././hal/hal.h ****     #include "psoc62/psoc62_hal.h"
 143:.././hal/hal.h **** #elif HAL_TYPE == HAL_imxrt1062
 144:.././hal/hal.h ****     #include "imxrt1062/imxrt1062_hal.h"
 145:.././hal/hal.h **** #elif HAL_TYPE == HAL_fe310
 146:.././hal/hal.h ****     #include "fe310/fe310_hal.h"
 147:.././hal/hal.h **** #elif HAL_TYPE == HAL_efr32mg21a
 148:.././hal/hal.h ****     #include "efr32mg21a/efr32mg21a_hal.h"
 149:.././hal/hal.h **** #elif HAL_TYPE == HAL_efm32gg11
 150:.././hal/hal.h ****     #include "efm32gg11/efm32gg11_hal.h"
 151:.././hal/hal.h **** #elif HAL_TYPE == HAL_stm32l5
 152:.././hal/hal.h ****     #include "stm32l5/stm32l5_hal.h"
 153:.././hal/hal.h **** #elif HAL_TYPE == HAL_stm32l4
 154:.././hal/hal.h ****     #include "stm32l4/stm32l4_hal.h"
 155:.././hal/hal.h **** #elif HAL_TYPE == HAL_rx65n
 156:.././hal/hal.h ****     #include "rx65n/rx65n_hal.h"
 157:.././hal/hal.h **** #elif HAL_TYPE == HAL_mpc5676r
 158:.././hal/hal.h ****     #include "mpc5676r/MPC5676R_hal.h"
 159:.././hal/hal.h **** #elif HAL_TYPE == HAL_neorv32
 160:.././hal/hal.h ****     #include "neorv32/neorv32_hal.h"
 161:.././hal/hal.h **** #elif HAL_TYPE == HAL_sam4s
 162:.././hal/hal.h ****     #include "sam4s/sam4s_hal.h"
 163:.././hal/hal.h **** #elif HAL_TYPE == HAL_ibex
 164:.././hal/hal.h ****     #include "ibex/ibex_hal.h"
 165:.././hal/hal.h **** #else
 166:.././hal/hal.h ****     #error "Unsupported HAL Type"
 167:.././hal/hal.h **** #endif
 168:.././hal/hal.h **** 
 169:.././hal/hal.h **** #if PLATFORM == CW308_MEGARF
 170:.././hal/hal.h ****     #undef trigger_setup
 171:.././hal/hal.h ****     #undef trigger_high
 172:.././hal/hal.h ****     #undef trigger_low
 173:.././hal/hal.h ****     #define trigger_setup() DDRD |= 0x02
 174:.././hal/hal.h ****     #define trigger_high()  PORTD |= 0x02
 175:.././hal/hal.h ****     #define trigger_low()   PORTD &= ~(0x02)
 176:.././hal/hal.h ****     
 177:.././hal/hal.h ****     #define HW_AES128_Init();      AES_CTRL = 0x00;
 178:.././hal/hal.h **** 
 179:.././hal/hal.h ****     #define HW_AES128_LoadKey(key);  for (uint8_t i = 0; i < 16; i++){ \
 180:.././hal/hal.h ****                                      AES_KEY = *(key+i); \
 181:.././hal/hal.h ****                                   }
 182:.././hal/hal.h **** 
 183:.././hal/hal.h ****     #define HW_AES128_Enc(pt);  for (uint8_t i = 0; i < 16; i++){ \
 184:.././hal/hal.h ****                                     AES_STATE = *(pt+i); \
 185:.././hal/hal.h ****                                 } \
 186:.././hal/hal.h ****                                   \
 187:.././hal/hal.h ****                                 AES_CTRL |= 1<<AES_REQUEST; \
 188:.././hal/hal.h ****                                   \
 189:.././hal/hal.h ****                                 /*Wait for done  */ \
 190:.././hal/hal.h ****                                 while ((AES_STATUS & (1<<AES_DONE)) == 0){ \
 191:.././hal/hal.h ****                                     ; \
 192:.././hal/hal.h ****                                 } \
 193:.././hal/hal.h ****                                   \
 194:.././hal/hal.h ****                                 for (uint8_t i = 0; i < 16; i++){ \
 195:.././hal/hal.h ****                                     *(pt+i) = AES_STATE; \
 196:.././hal/hal.h ****                                 }
 197:.././hal/hal.h ****     
 198:.././hal/hal.h **** #endif
 199:.././hal/hal.h **** 
 200:.././hal/hal.h **** __attribute__((weak)) void led_ok(unsigned int status)
 201:.././hal/hal.h **** {
 202:.././hal/hal.h **** }
 203:.././hal/hal.h **** 
 204:.././hal/hal.h **** __attribute__((weak)) void led_error(unsigned int status)
 205:.././hal/hal.h **** {
 314              		.loc 2 205 1 is_stmt 1 view -0
 315              		.cfi_startproc
 316              		@ args = 0, pretend = 0, frame = 0
 317              		@ frame_needed = 0, uses_anonymous_args = 0
 318              		@ link register save eliminated.
 206:.././hal/hal.h **** }
 319              		.loc 2 206 1 view .LVU60
 320 0000 7047     		bx	lr
 321              		.cfi_endproc
 322              	.LFE1:
 324              		.section	.rodata.str1.1,"aMS",%progbits,1
 325              	.LC0:
 326 0000 2B7E1516 		.ascii	"+~\025\026(\256\322\246\253\367\025\210\011\317O<\000"
 326      28AED2A6 
 326      ABF71588 
 326      09CF4F3C 
 326      00
 327              		.section	.text.startup.main,"ax",%progbits
 328              		.align	1
 329              		.global	main
 330              		.syntax unified
 331              		.thumb
 332              		.thumb_func
 333              		.fpu softvfp
 335              	main:
 336              	.LFB8:
  87:simpleserial-aes.c **** 
  88:simpleserial-aes.c **** #if SS_VER == SS_VER_2_1
  89:simpleserial-aes.c **** uint8_t aes(uint8_t cmd, uint8_t scmd, uint8_t len, uint8_t *buf)
  90:simpleserial-aes.c **** {
  91:simpleserial-aes.c ****     uint8_t req_len = 0;
  92:simpleserial-aes.c ****     uint8_t err = 0;
  93:simpleserial-aes.c ****     uint8_t mask_len = 0;
  94:simpleserial-aes.c ****     if (scmd & 0x04) {
  95:simpleserial-aes.c ****         // Mask has variable length. First byte encodes the length
  96:simpleserial-aes.c ****         mask_len = buf[req_len];
  97:simpleserial-aes.c ****         req_len += 1 + mask_len;
  98:simpleserial-aes.c ****         if (req_len > len) {
  99:simpleserial-aes.c ****             return SS_ERR_LEN;
 100:simpleserial-aes.c ****         }
 101:simpleserial-aes.c ****         err = get_mask(buf + req_len - mask_len, mask_len);
 102:simpleserial-aes.c ****         if (err)
 103:simpleserial-aes.c ****             return err;
 104:simpleserial-aes.c ****     }
 105:simpleserial-aes.c **** 
 106:simpleserial-aes.c ****     if (scmd & 0x02) {
 107:simpleserial-aes.c ****         req_len += 16;
 108:simpleserial-aes.c ****         if (req_len > len) {
 109:simpleserial-aes.c ****             return SS_ERR_LEN;
 110:simpleserial-aes.c ****         }
 111:simpleserial-aes.c ****         err = get_key(buf + req_len - 16, 16);
 112:simpleserial-aes.c ****         if (err)
 113:simpleserial-aes.c ****             return err;
 114:simpleserial-aes.c ****     }
 115:simpleserial-aes.c ****     if (scmd & 0x01) {
 116:simpleserial-aes.c ****         req_len += 16;
 117:simpleserial-aes.c ****         if (req_len > len) {
 118:simpleserial-aes.c ****             return SS_ERR_LEN;
 119:simpleserial-aes.c ****         }
 120:simpleserial-aes.c ****         err = get_pt(buf + req_len - 16, 16);
 121:simpleserial-aes.c ****         if (err)
 122:simpleserial-aes.c ****             return err;
 123:simpleserial-aes.c ****     }
 124:simpleserial-aes.c **** 
 125:simpleserial-aes.c ****     if (len != req_len) {
 126:simpleserial-aes.c ****         return SS_ERR_LEN;
 127:simpleserial-aes.c ****     }
 128:simpleserial-aes.c **** 
 129:simpleserial-aes.c ****     return 0x00;
 130:simpleserial-aes.c **** 
 131:simpleserial-aes.c **** }
 132:simpleserial-aes.c **** #endif
 133:simpleserial-aes.c **** 
 134:simpleserial-aes.c **** int main(void)
 135:simpleserial-aes.c **** {
 337              		.loc 1 135 1 view -0
 338              		.cfi_startproc
 339              		@ Volatile: function does not return.
 340              		@ args = 0, pretend = 0, frame = 16
 341              		@ frame_needed = 0, uses_anonymous_args = 0
 136:simpleserial-aes.c **** 	uint8_t tmp[KEY_LENGTH] = {DEFAULT_KEY};
 342              		.loc 1 136 2 view .LVU62
 135:simpleserial-aes.c **** 	uint8_t tmp[KEY_LENGTH] = {DEFAULT_KEY};
 343              		.loc 1 135 1 is_stmt 0 view .LVU63
 344 0000 1FB5     		push	{r0, r1, r2, r3, r4, lr}
 345              	.LCFI4:
 346              		.cfi_def_cfa_offset 24
 347              		.cfi_offset 14, -4
 348              		.loc 1 136 10 view .LVU64
 349 0002 1E4B     		ldr	r3, .L19
 350 0004 6A46     		mov	r2, sp
 351 0006 03F11006 		add	r6, r3, #16
 352 000a 1546     		mov	r5, r2
 353              	.L16:
 354 000c 1868     		ldr	r0, [r3]	@ unaligned
 355 000e 5968     		ldr	r1, [r3, #4]	@ unaligned
 356 0010 1446     		mov	r4, r2
 357 0012 03C4     		stmia	r4!, {r0, r1}
 358 0014 0833     		adds	r3, r3, #8
 359 0016 B342     		cmp	r3, r6
 360 0018 2246     		mov	r2, r4
 361 001a F7D1     		bne	.L16
 137:simpleserial-aes.c **** 
 138:simpleserial-aes.c ****     platform_init();
 362              		.loc 1 138 5 is_stmt 1 view .LVU65
 363 001c FFF7FEFF 		bl	platform_init
 364              	.LVL26:
 139:simpleserial-aes.c ****     init_uart();
 365              		.loc 1 139 5 view .LVU66
 366 0020 FFF7FEFF 		bl	init_uart
 367              	.LVL27:
 140:simpleserial-aes.c ****     trigger_setup();
 368              		.loc 1 140 5 view .LVU67
 369 0024 FFF7FEFF 		bl	trigger_setup
 370              	.LVL28:
 141:simpleserial-aes.c **** 
 142:simpleserial-aes.c **** 	aes_indep_init();
 371              		.loc 1 142 2 view .LVU68
 372 0028 FFF7FEFF 		bl	aes_indep_init
 373              	.LVL29:
 143:simpleserial-aes.c **** 	aes_indep_key(tmp);
 374              		.loc 1 143 2 view .LVU69
 375 002c 2846     		mov	r0, r5
 376 002e FFF7FEFF 		bl	aes_indep_key
 377              	.LVL30:
 144:simpleserial-aes.c **** 
 145:simpleserial-aes.c ****     /* Uncomment this to get a HELLO message for debug */
 146:simpleserial-aes.c **** 
 147:simpleserial-aes.c ****     // putch('h');
 148:simpleserial-aes.c ****     // putch('e');
 149:simpleserial-aes.c ****     // putch('l');
 150:simpleserial-aes.c ****     // putch('l');
 151:simpleserial-aes.c ****     // putch('o');
 152:simpleserial-aes.c ****     // putch('\n');
 153:simpleserial-aes.c **** 
 154:simpleserial-aes.c **** 	simpleserial_init();
 378              		.loc 1 154 2 view .LVU70
 379 0032 FFF7FEFF 		bl	simpleserial_init
 380              	.LVL31:
 155:simpleserial-aes.c ****     #if SS_VER == SS_VER_2_1
 156:simpleserial-aes.c ****     simpleserial_addcmd(0x01, 16, aes);
 157:simpleserial-aes.c ****     #else
 158:simpleserial-aes.c ****     simpleserial_addcmd('k', 16, get_key);
 381              		.loc 1 158 5 view .LVU71
 382 0036 124A     		ldr	r2, .L19+4
 383 0038 1021     		movs	r1, #16
 384 003a 6B20     		movs	r0, #107
 385 003c FFF7FEFF 		bl	simpleserial_addcmd
 386              	.LVL32:
 159:simpleserial-aes.c ****     simpleserial_addcmd('p', 16,  get_pt);
 387              		.loc 1 159 5 view .LVU72
 388 0040 104A     		ldr	r2, .L19+8
 389 0042 1021     		movs	r1, #16
 390 0044 7020     		movs	r0, #112
 391 0046 FFF7FEFF 		bl	simpleserial_addcmd
 392              	.LVL33:
 160:simpleserial-aes.c ****     simpleserial_addcmd('x',  0,   reset);
 393              		.loc 1 160 5 view .LVU73
 394 004a 0F4A     		ldr	r2, .L19+12
 395 004c 0021     		movs	r1, #0
 396 004e 7820     		movs	r0, #120
 397 0050 FFF7FEFF 		bl	simpleserial_addcmd
 398              	.LVL34:
 161:simpleserial-aes.c ****     simpleserial_addcmd_flags('m', 18, get_mask, CMD_FLAG_LEN);
 399              		.loc 1 161 5 view .LVU74
 400 0054 0D4A     		ldr	r2, .L19+16
 401 0056 0123     		movs	r3, #1
 402 0058 1221     		movs	r1, #18
 403 005a 6D20     		movs	r0, #109
 404 005c FFF7FEFF 		bl	simpleserial_addcmd_flags
 405              	.LVL35:
 162:simpleserial-aes.c ****     simpleserial_addcmd('s', 2, enc_multi_setnum);
 406              		.loc 1 162 5 view .LVU75
 407 0060 0B4A     		ldr	r2, .L19+20
 408 0062 0221     		movs	r1, #2
 409 0064 7320     		movs	r0, #115
 410 0066 FFF7FEFF 		bl	simpleserial_addcmd
 411              	.LVL36:
 163:simpleserial-aes.c ****     simpleserial_addcmd('f', 16, enc_multi_getpt);
 412              		.loc 1 163 5 view .LVU76
 413 006a 0A4A     		ldr	r2, .L19+24
 414 006c 1021     		movs	r1, #16
 415 006e 6620     		movs	r0, #102
 416 0070 FFF7FEFF 		bl	simpleserial_addcmd
 417              	.LVL37:
 418              	.L17:
 164:simpleserial-aes.c ****     #endif
 165:simpleserial-aes.c ****     while(1)
 419              		.loc 1 165 5 discriminator 1 view .LVU77
 166:simpleserial-aes.c ****         simpleserial_get();
 420              		.loc 1 166 9 discriminator 1 view .LVU78
 421 0074 FFF7FEFF 		bl	simpleserial_get
 422              	.LVL38:
 165:simpleserial-aes.c ****         simpleserial_get();
 423              		.loc 1 165 10 discriminator 1 view .LVU79
 424 0078 FCE7     		b	.L17
 425              	.L20:
 426 007a 00BF     		.align	2
 427              	.L19:
 428 007c 00000000 		.word	.LC0
 429 0080 00000000 		.word	get_key
 430 0084 00000000 		.word	get_pt
 431 0088 00000000 		.word	reset
 432 008c 00000000 		.word	get_mask
 433 0090 00000000 		.word	enc_multi_setnum
 434 0094 00000000 		.word	enc_multi_getpt
 435              		.cfi_endproc
 436              	.LFE8:
 438              		.data
 439              		.align	1
 440              		.set	.LANCHOR0,. + 0
 443              	num_encryption_rounds:
 444 0000 0A00     		.short	10
 445              		.text
 446              	.Letext0:
 447              		.file 3 "c:\\users\\vadim\\chipwh~1\\cw\\home\\portable\\armgcc\\arm-none-eabi\\include\\machine\\
 448              		.file 4 "c:\\users\\vadim\\chipwh~1\\cw\\home\\portable\\armgcc\\arm-none-eabi\\include\\sys\\_std
 449              		.file 5 ".././hal/stm32f3/stm32f3_hal.h"
 450              		.file 6 ".././crypto/aes-independant.h"
 451              		.file 7 ".././simpleserial/simpleserial.h"
DEFINED SYMBOLS
                            *ABS*:00000000 simpleserial-aes.c
C:\Users\Vadim\AppData\Local\Temp\ccrSQzQt.s:16     .text.reset:00000000 $t
C:\Users\Vadim\AppData\Local\Temp\ccrSQzQt.s:24     .text.reset:00000000 reset
C:\Users\Vadim\AppData\Local\Temp\ccrSQzQt.s:43     .text.enc_multi_setnum:00000000 $t
C:\Users\Vadim\AppData\Local\Temp\ccrSQzQt.s:50     .text.enc_multi_setnum:00000000 enc_multi_setnum
C:\Users\Vadim\AppData\Local\Temp\ccrSQzQt.s:74     .text.enc_multi_setnum:0000000c $d
C:\Users\Vadim\AppData\Local\Temp\ccrSQzQt.s:79     .text.get_mask:00000000 $t
C:\Users\Vadim\AppData\Local\Temp\ccrSQzQt.s:86     .text.get_mask:00000000 get_mask
C:\Users\Vadim\AppData\Local\Temp\ccrSQzQt.s:111    .text.get_key:00000000 $t
C:\Users\Vadim\AppData\Local\Temp\ccrSQzQt.s:118    .text.get_key:00000000 get_key
C:\Users\Vadim\AppData\Local\Temp\ccrSQzQt.s:143    .text.get_pt:00000000 $t
C:\Users\Vadim\AppData\Local\Temp\ccrSQzQt.s:150    .text.get_pt:00000000 get_pt
C:\Users\Vadim\AppData\Local\Temp\ccrSQzQt.s:198    .text.enc_multi_getpt:00000000 $t
C:\Users\Vadim\AppData\Local\Temp\ccrSQzQt.s:205    .text.enc_multi_getpt:00000000 enc_multi_getpt
C:\Users\Vadim\AppData\Local\Temp\ccrSQzQt.s:279    .text.enc_multi_getpt:00000038 $d
C:\Users\Vadim\AppData\Local\Temp\ccrSQzQt.s:285    .text.change_ok_led:00000000 $t
C:\Users\Vadim\AppData\Local\Temp\ccrSQzQt.s:292    .text.change_ok_led:00000000 change_ok_led
C:\Users\Vadim\AppData\Local\Temp\ccrSQzQt.s:303    .text.change_err_led:00000000 $t
C:\Users\Vadim\AppData\Local\Temp\ccrSQzQt.s:310    .text.change_err_led:00000000 change_err_led
C:\Users\Vadim\AppData\Local\Temp\ccrSQzQt.s:328    .text.startup.main:00000000 $t
C:\Users\Vadim\AppData\Local\Temp\ccrSQzQt.s:335    .text.startup.main:00000000 main
C:\Users\Vadim\AppData\Local\Temp\ccrSQzQt.s:428    .text.startup.main:0000007c $d
C:\Users\Vadim\AppData\Local\Temp\ccrSQzQt.s:439    .data:00000000 $d
C:\Users\Vadim\AppData\Local\Temp\ccrSQzQt.s:443    .data:00000000 num_encryption_rounds

UNDEFINED SYMBOLS
aes_indep_mask
aes_indep_key
aes_indep_enc_pretrigger
trigger_high
aes_indep_enc
trigger_low
aes_indep_enc_posttrigger
simpleserial_put
platform_init
init_uart
trigger_setup
aes_indep_init
simpleserial_init
simpleserial_addcmd
simpleserial_addcmd_flags
simpleserial_get
