Archive member included to satisfy reference by file (symbol)

c:/users/vadim/chipwh~1/cw/home/portable/armgcc/bin/../lib/gcc/arm-none-eabi/10.2.1/../../../../arm-none-eabi/lib/thumb/v7e-m/nofp\libg_nano.a(lib_a-errno.o)
                              objdir-CW308_STM32F3/stm32f3_sysmem.o (__errno)
c:/users/vadim/chipwh~1/cw/home/portable/armgcc/bin/../lib/gcc/arm-none-eabi/10.2.1/../../../../arm-none-eabi/lib/thumb/v7e-m/nofp\libg_nano.a(lib_a-exit.o)
                              c:/users/vadim/chipwh~1/cw/home/portable/armgcc/bin/../lib/gcc/arm-none-eabi/10.2.1/../../../../arm-none-eabi/lib/thumb/v7e-m/nofp/crt0.o (exit)
c:/users/vadim/chipwh~1/cw/home/portable/armgcc/bin/../lib/gcc/arm-none-eabi/10.2.1/../../../../arm-none-eabi/lib/thumb/v7e-m/nofp\libg_nano.a(lib_a-impure.o)
                              c:/users/vadim/chipwh~1/cw/home/portable/armgcc/bin/../lib/gcc/arm-none-eabi/10.2.1/../../../../arm-none-eabi/lib/thumb/v7e-m/nofp\libg_nano.a(lib_a-exit.o) (_global_impure_ptr)
c:/users/vadim/chipwh~1/cw/home/portable/armgcc/bin/../lib/gcc/arm-none-eabi/10.2.1/../../../../arm-none-eabi/lib/thumb/v7e-m/nofp\libg_nano.a(lib_a-init.o)
                              c:/users/vadim/chipwh~1/cw/home/portable/armgcc/bin/../lib/gcc/arm-none-eabi/10.2.1/../../../../arm-none-eabi/lib/thumb/v7e-m/nofp/crt0.o (__libc_init_array)
c:/users/vadim/chipwh~1/cw/home/portable/armgcc/bin/../lib/gcc/arm-none-eabi/10.2.1/../../../../arm-none-eabi/lib/thumb/v7e-m/nofp\libg_nano.a(lib_a-memcpy-stub.o)
                              objdir-CW308_STM32F3/simpleserial.o (memcpy)
c:/users/vadim/chipwh~1/cw/home/portable/armgcc/bin/../lib/gcc/arm-none-eabi/10.2.1/../../../../arm-none-eabi/lib/thumb/v7e-m/nofp\libg_nano.a(lib_a-memset.o)
                              c:/users/vadim/chipwh~1/cw/home/portable/armgcc/bin/../lib/gcc/arm-none-eabi/10.2.1/../../../../arm-none-eabi/lib/thumb/v7e-m/nofp/crt0.o (memset)
c:/users/vadim/chipwh~1/cw/home/portable/armgcc/bin/../lib/gcc/arm-none-eabi/10.2.1/../../../../arm-none-eabi/lib/thumb/v7e-m/nofp\libnosys.a(_exit.o)
                              c:/users/vadim/chipwh~1/cw/home/portable/armgcc/bin/../lib/gcc/arm-none-eabi/10.2.1/../../../../arm-none-eabi/lib/thumb/v7e-m/nofp\libg_nano.a(lib_a-exit.o) (_exit)

Discarded input sections

 .text          0x00000000        0x0 c:/users/vadim/chipwh~1/cw/home/portable/armgcc/bin/../lib/gcc/arm-none-eabi/10.2.1/thumb/v7e-m/nofp/crti.o
 .data          0x00000000        0x0 c:/users/vadim/chipwh~1/cw/home/portable/armgcc/bin/../lib/gcc/arm-none-eabi/10.2.1/thumb/v7e-m/nofp/crti.o
 .bss           0x00000000        0x0 c:/users/vadim/chipwh~1/cw/home/portable/armgcc/bin/../lib/gcc/arm-none-eabi/10.2.1/thumb/v7e-m/nofp/crti.o
 .data          0x00000000        0x4 c:/users/vadim/chipwh~1/cw/home/portable/armgcc/bin/../lib/gcc/arm-none-eabi/10.2.1/thumb/v7e-m/nofp/crtbegin.o
 .rodata        0x00000000       0x24 c:/users/vadim/chipwh~1/cw/home/portable/armgcc/bin/../lib/gcc/arm-none-eabi/10.2.1/thumb/v7e-m/nofp/crtbegin.o
 .text          0x00000000       0x7c c:/users/vadim/chipwh~1/cw/home/portable/armgcc/bin/../lib/gcc/arm-none-eabi/10.2.1/../../../../arm-none-eabi/lib/thumb/v7e-m/nofp/crt0.o
 .data          0x00000000        0x0 c:/users/vadim/chipwh~1/cw/home/portable/armgcc/bin/../lib/gcc/arm-none-eabi/10.2.1/../../../../arm-none-eabi/lib/thumb/v7e-m/nofp/crt0.o
 .bss           0x00000000        0x0 c:/users/vadim/chipwh~1/cw/home/portable/armgcc/bin/../lib/gcc/arm-none-eabi/10.2.1/../../../../arm-none-eabi/lib/thumb/v7e-m/nofp/crt0.o
 .ARM.extab     0x00000000        0x0 c:/users/vadim/chipwh~1/cw/home/portable/armgcc/bin/../lib/gcc/arm-none-eabi/10.2.1/../../../../arm-none-eabi/lib/thumb/v7e-m/nofp/crt0.o
 .ARM.exidx     0x00000000       0x10 c:/users/vadim/chipwh~1/cw/home/portable/armgcc/bin/../lib/gcc/arm-none-eabi/10.2.1/../../../../arm-none-eabi/lib/thumb/v7e-m/nofp/crt0.o
 .ARM.attributes
                0x00000000       0x1c c:/users/vadim/chipwh~1/cw/home/portable/armgcc/bin/../lib/gcc/arm-none-eabi/10.2.1/../../../../arm-none-eabi/lib/thumb/v7e-m/nofp/crt0.o
 .text          0x00000000        0x0 objdir-CW308_STM32F3/simpleserial-aes.o
 .data          0x00000000        0x2 objdir-CW308_STM32F3/simpleserial-aes.o
 .bss           0x00000000        0x0 objdir-CW308_STM32F3/simpleserial-aes.o
 .text.led_ok   0x00000000        0x2 objdir-CW308_STM32F3/simpleserial-aes.o
 .text.led_error
                0x00000000        0x2 objdir-CW308_STM32F3/simpleserial-aes.o
 .text.get_mask
                0x00000000        0xa objdir-CW308_STM32F3/simpleserial-aes.o
 .text.get_key  0x00000000        0xa objdir-CW308_STM32F3/simpleserial-aes.o
 .text.reset    0x00000000        0x4 objdir-CW308_STM32F3/simpleserial-aes.o
 .text.enc_multi_getpt
                0x00000000       0x3c objdir-CW308_STM32F3/simpleserial-aes.o
 .text.enc_multi_setnum
                0x00000000       0x10 objdir-CW308_STM32F3/simpleserial-aes.o
 .text          0x00000000        0x0 objdir-CW308_STM32F3/simpleserial.o
 .data          0x00000000        0x0 objdir-CW308_STM32F3/simpleserial.o
 .text.led_ok   0x00000000        0x2 objdir-CW308_STM32F3/simpleserial.o
 .text.led_error
                0x00000000        0x2 objdir-CW308_STM32F3/simpleserial.o
 .text.hex_decode
                0x00000000       0x78 objdir-CW308_STM32F3/simpleserial.o
 .text.ss_puts  0x00000000       0x14 objdir-CW308_STM32F3/simpleserial.o
 .text          0x00000000        0x0 objdir-CW308_STM32F3/stm32f3_hal.o
 .data          0x00000000        0x0 objdir-CW308_STM32F3/stm32f3_hal.o
 .text.change_err_led
                0x00000000       0x18 objdir-CW308_STM32F3/stm32f3_hal.o
 .text.change_ok_led
                0x00000000       0x18 objdir-CW308_STM32F3/stm32f3_hal.o
 .text          0x00000000        0x0 objdir-CW308_STM32F3/stm32f3_hal_lowlevel.o
 .data          0x00000000        0x4 objdir-CW308_STM32F3/stm32f3_hal_lowlevel.o
 .text.HAL_NVIC_SetPriority
                0x00000000       0x64 objdir-CW308_STM32F3/stm32f3_hal_lowlevel.o
 .text.HAL_InitTick
                0x00000000        0xc objdir-CW308_STM32F3/stm32f3_hal_lowlevel.o
 .text.HAL_IncTick
                0x00000000        0x2 objdir-CW308_STM32F3/stm32f3_hal_lowlevel.o
 .text.HAL_RCC_GetSysClockFreq
                0x00000000        0x6 objdir-CW308_STM32F3/stm32f3_hal_lowlevel.o
 .text.HAL_RCC_GetPCLK1Freq
                0x00000000        0x6 objdir-CW308_STM32F3/stm32f3_hal_lowlevel.o
 .text.HAL_RCC_GetPCLK2Freq
                0x00000000        0x6 objdir-CW308_STM32F3/stm32f3_hal_lowlevel.o
 .text          0x00000000        0x0 objdir-CW308_STM32F3/stm32f3_sysmem.o
 .data          0x00000000        0x0 objdir-CW308_STM32F3/stm32f3_sysmem.o
 .bss           0x00000000        0x4 objdir-CW308_STM32F3/stm32f3_sysmem.o
 .text._sbrk    0x00000000       0x34 objdir-CW308_STM32F3/stm32f3_sysmem.o
 .debug_info    0x00000000      0x10d objdir-CW308_STM32F3/stm32f3_sysmem.o
 .debug_abbrev  0x00000000       0xd2 objdir-CW308_STM32F3/stm32f3_sysmem.o
 .debug_loc     0x00000000       0x74 objdir-CW308_STM32F3/stm32f3_sysmem.o
 .debug_aranges
                0x00000000       0x20 objdir-CW308_STM32F3/stm32f3_sysmem.o
 .debug_ranges  0x00000000       0x10 objdir-CW308_STM32F3/stm32f3_sysmem.o
 .debug_line    0x00000000       0xfd objdir-CW308_STM32F3/stm32f3_sysmem.o
 .debug_str     0x00000000      0x219 objdir-CW308_STM32F3/stm32f3_sysmem.o
 .comment       0x00000000       0x4e objdir-CW308_STM32F3/stm32f3_sysmem.o
 .debug_frame   0x00000000       0x28 objdir-CW308_STM32F3/stm32f3_sysmem.o
 .ARM.attributes
                0x00000000       0x2e objdir-CW308_STM32F3/stm32f3_sysmem.o
 .text          0x00000000       0x14 objdir-CW308_STM32F3/stm32f3_startup.o
 .data          0x00000000        0x0 objdir-CW308_STM32F3/stm32f3_startup.o
 .bss           0x00000000        0x0 objdir-CW308_STM32F3/stm32f3_startup.o
 .text          0x00000000        0x0 c:/users/vadim/chipwh~1/cw/home/portable/armgcc/bin/../lib/gcc/arm-none-eabi/10.2.1/../../../../arm-none-eabi/lib/thumb/v7e-m/nofp\libg_nano.a(lib_a-errno.o)
 .data          0x00000000        0x0 c:/users/vadim/chipwh~1/cw/home/portable/armgcc/bin/../lib/gcc/arm-none-eabi/10.2.1/../../../../arm-none-eabi/lib/thumb/v7e-m/nofp\libg_nano.a(lib_a-errno.o)
 .bss           0x00000000        0x0 c:/users/vadim/chipwh~1/cw/home/portable/armgcc/bin/../lib/gcc/arm-none-eabi/10.2.1/../../../../arm-none-eabi/lib/thumb/v7e-m/nofp\libg_nano.a(lib_a-errno.o)
 .text.__errno  0x00000000        0xc c:/users/vadim/chipwh~1/cw/home/portable/armgcc/bin/../lib/gcc/arm-none-eabi/10.2.1/../../../../arm-none-eabi/lib/thumb/v7e-m/nofp\libg_nano.a(lib_a-errno.o)
 .debug_frame   0x00000000       0x20 c:/users/vadim/chipwh~1/cw/home/portable/armgcc/bin/../lib/gcc/arm-none-eabi/10.2.1/../../../../arm-none-eabi/lib/thumb/v7e-m/nofp\libg_nano.a(lib_a-errno.o)
 .ARM.attributes
                0x00000000       0x2e c:/users/vadim/chipwh~1/cw/home/portable/armgcc/bin/../lib/gcc/arm-none-eabi/10.2.1/../../../../arm-none-eabi/lib/thumb/v7e-m/nofp\libg_nano.a(lib_a-errno.o)
 .text          0x00000000        0x0 c:/users/vadim/chipwh~1/cw/home/portable/armgcc/bin/../lib/gcc/arm-none-eabi/10.2.1/../../../../arm-none-eabi/lib/thumb/v7e-m/nofp\libg_nano.a(lib_a-exit.o)
 .data          0x00000000        0x0 c:/users/vadim/chipwh~1/cw/home/portable/armgcc/bin/../lib/gcc/arm-none-eabi/10.2.1/../../../../arm-none-eabi/lib/thumb/v7e-m/nofp\libg_nano.a(lib_a-exit.o)
 .bss           0x00000000        0x0 c:/users/vadim/chipwh~1/cw/home/portable/armgcc/bin/../lib/gcc/arm-none-eabi/10.2.1/../../../../arm-none-eabi/lib/thumb/v7e-m/nofp\libg_nano.a(lib_a-exit.o)
 .text.exit     0x00000000       0x28 c:/users/vadim/chipwh~1/cw/home/portable/armgcc/bin/../lib/gcc/arm-none-eabi/10.2.1/../../../../arm-none-eabi/lib/thumb/v7e-m/nofp\libg_nano.a(lib_a-exit.o)
 .debug_frame   0x00000000       0x28 c:/users/vadim/chipwh~1/cw/home/portable/armgcc/bin/../lib/gcc/arm-none-eabi/10.2.1/../../../../arm-none-eabi/lib/thumb/v7e-m/nofp\libg_nano.a(lib_a-exit.o)
 .ARM.attributes
                0x00000000       0x2e c:/users/vadim/chipwh~1/cw/home/portable/armgcc/bin/../lib/gcc/arm-none-eabi/10.2.1/../../../../arm-none-eabi/lib/thumb/v7e-m/nofp\libg_nano.a(lib_a-exit.o)
 .text          0x00000000        0x0 c:/users/vadim/chipwh~1/cw/home/portable/armgcc/bin/../lib/gcc/arm-none-eabi/10.2.1/../../../../arm-none-eabi/lib/thumb/v7e-m/nofp\libg_nano.a(lib_a-impure.o)
 .data          0x00000000        0x0 c:/users/vadim/chipwh~1/cw/home/portable/armgcc/bin/../lib/gcc/arm-none-eabi/10.2.1/../../../../arm-none-eabi/lib/thumb/v7e-m/nofp\libg_nano.a(lib_a-impure.o)
 .bss           0x00000000        0x0 c:/users/vadim/chipwh~1/cw/home/portable/armgcc/bin/../lib/gcc/arm-none-eabi/10.2.1/../../../../arm-none-eabi/lib/thumb/v7e-m/nofp\libg_nano.a(lib_a-impure.o)
 .data._impure_ptr
                0x00000000        0x4 c:/users/vadim/chipwh~1/cw/home/portable/armgcc/bin/../lib/gcc/arm-none-eabi/10.2.1/../../../../arm-none-eabi/lib/thumb/v7e-m/nofp\libg_nano.a(lib_a-impure.o)
 .data.impure_data
                0x00000000       0x60 c:/users/vadim/chipwh~1/cw/home/portable/armgcc/bin/../lib/gcc/arm-none-eabi/10.2.1/../../../../arm-none-eabi/lib/thumb/v7e-m/nofp\libg_nano.a(lib_a-impure.o)
 .rodata._global_impure_ptr
                0x00000000        0x4 c:/users/vadim/chipwh~1/cw/home/portable/armgcc/bin/../lib/gcc/arm-none-eabi/10.2.1/../../../../arm-none-eabi/lib/thumb/v7e-m/nofp\libg_nano.a(lib_a-impure.o)
 .ARM.attributes
                0x00000000       0x2e c:/users/vadim/chipwh~1/cw/home/portable/armgcc/bin/../lib/gcc/arm-none-eabi/10.2.1/../../../../arm-none-eabi/lib/thumb/v7e-m/nofp\libg_nano.a(lib_a-impure.o)
 .text          0x00000000        0x0 c:/users/vadim/chipwh~1/cw/home/portable/armgcc/bin/../lib/gcc/arm-none-eabi/10.2.1/../../../../arm-none-eabi/lib/thumb/v7e-m/nofp\libg_nano.a(lib_a-init.o)
 .data          0x00000000        0x0 c:/users/vadim/chipwh~1/cw/home/portable/armgcc/bin/../lib/gcc/arm-none-eabi/10.2.1/../../../../arm-none-eabi/lib/thumb/v7e-m/nofp\libg_nano.a(lib_a-init.o)
 .bss           0x00000000        0x0 c:/users/vadim/chipwh~1/cw/home/portable/armgcc/bin/../lib/gcc/arm-none-eabi/10.2.1/../../../../arm-none-eabi/lib/thumb/v7e-m/nofp\libg_nano.a(lib_a-init.o)
 .text          0x00000000        0x0 c:/users/vadim/chipwh~1/cw/home/portable/armgcc/bin/../lib/gcc/arm-none-eabi/10.2.1/../../../../arm-none-eabi/lib/thumb/v7e-m/nofp\libg_nano.a(lib_a-memcpy-stub.o)
 .data          0x00000000        0x0 c:/users/vadim/chipwh~1/cw/home/portable/armgcc/bin/../lib/gcc/arm-none-eabi/10.2.1/../../../../arm-none-eabi/lib/thumb/v7e-m/nofp\libg_nano.a(lib_a-memcpy-stub.o)
 .bss           0x00000000        0x0 c:/users/vadim/chipwh~1/cw/home/portable/armgcc/bin/../lib/gcc/arm-none-eabi/10.2.1/../../../../arm-none-eabi/lib/thumb/v7e-m/nofp\libg_nano.a(lib_a-memcpy-stub.o)
 .text          0x00000000        0x0 c:/users/vadim/chipwh~1/cw/home/portable/armgcc/bin/../lib/gcc/arm-none-eabi/10.2.1/../../../../arm-none-eabi/lib/thumb/v7e-m/nofp\libg_nano.a(lib_a-memset.o)
 .data          0x00000000        0x0 c:/users/vadim/chipwh~1/cw/home/portable/armgcc/bin/../lib/gcc/arm-none-eabi/10.2.1/../../../../arm-none-eabi/lib/thumb/v7e-m/nofp\libg_nano.a(lib_a-memset.o)
 .bss           0x00000000        0x0 c:/users/vadim/chipwh~1/cw/home/portable/armgcc/bin/../lib/gcc/arm-none-eabi/10.2.1/../../../../arm-none-eabi/lib/thumb/v7e-m/nofp\libg_nano.a(lib_a-memset.o)
 .text.memset   0x00000000       0x10 c:/users/vadim/chipwh~1/cw/home/portable/armgcc/bin/../lib/gcc/arm-none-eabi/10.2.1/../../../../arm-none-eabi/lib/thumb/v7e-m/nofp\libg_nano.a(lib_a-memset.o)
 .debug_frame   0x00000000       0x20 c:/users/vadim/chipwh~1/cw/home/portable/armgcc/bin/../lib/gcc/arm-none-eabi/10.2.1/../../../../arm-none-eabi/lib/thumb/v7e-m/nofp\libg_nano.a(lib_a-memset.o)
 .ARM.attributes
                0x00000000       0x2e c:/users/vadim/chipwh~1/cw/home/portable/armgcc/bin/../lib/gcc/arm-none-eabi/10.2.1/../../../../arm-none-eabi/lib/thumb/v7e-m/nofp\libg_nano.a(lib_a-memset.o)
 .text          0x00000000        0x0 c:/users/vadim/chipwh~1/cw/home/portable/armgcc/bin/../lib/gcc/arm-none-eabi/10.2.1/../../../../arm-none-eabi/lib/thumb/v7e-m/nofp\libnosys.a(_exit.o)
 .data          0x00000000        0x0 c:/users/vadim/chipwh~1/cw/home/portable/armgcc/bin/../lib/gcc/arm-none-eabi/10.2.1/../../../../arm-none-eabi/lib/thumb/v7e-m/nofp\libnosys.a(_exit.o)
 .bss           0x00000000        0x0 c:/users/vadim/chipwh~1/cw/home/portable/armgcc/bin/../lib/gcc/arm-none-eabi/10.2.1/../../../../arm-none-eabi/lib/thumb/v7e-m/nofp\libnosys.a(_exit.o)
 .text._exit    0x00000000        0x4 c:/users/vadim/chipwh~1/cw/home/portable/armgcc/bin/../lib/gcc/arm-none-eabi/10.2.1/../../../../arm-none-eabi/lib/thumb/v7e-m/nofp\libnosys.a(_exit.o)
 .debug_frame   0x00000000       0x20 c:/users/vadim/chipwh~1/cw/home/portable/armgcc/bin/../lib/gcc/arm-none-eabi/10.2.1/../../../../arm-none-eabi/lib/thumb/v7e-m/nofp\libnosys.a(_exit.o)
 .ARM.attributes
                0x00000000       0x2e c:/users/vadim/chipwh~1/cw/home/portable/armgcc/bin/../lib/gcc/arm-none-eabi/10.2.1/../../../../arm-none-eabi/lib/thumb/v7e-m/nofp\libnosys.a(_exit.o)
 .text          0x00000000        0x0 c:/users/vadim/chipwh~1/cw/home/portable/armgcc/bin/../lib/gcc/arm-none-eabi/10.2.1/thumb/v7e-m/nofp/crtend.o
 .data          0x00000000        0x0 c:/users/vadim/chipwh~1/cw/home/portable/armgcc/bin/../lib/gcc/arm-none-eabi/10.2.1/thumb/v7e-m/nofp/crtend.o
 .bss           0x00000000        0x0 c:/users/vadim/chipwh~1/cw/home/portable/armgcc/bin/../lib/gcc/arm-none-eabi/10.2.1/thumb/v7e-m/nofp/crtend.o
 .rodata        0x00000000       0x24 c:/users/vadim/chipwh~1/cw/home/portable/armgcc/bin/../lib/gcc/arm-none-eabi/10.2.1/thumb/v7e-m/nofp/crtend.o
 .eh_frame      0x00000000        0x4 c:/users/vadim/chipwh~1/cw/home/portable/armgcc/bin/../lib/gcc/arm-none-eabi/10.2.1/thumb/v7e-m/nofp/crtend.o
 .ARM.attributes
                0x00000000       0x2e c:/users/vadim/chipwh~1/cw/home/portable/armgcc/bin/../lib/gcc/arm-none-eabi/10.2.1/thumb/v7e-m/nofp/crtend.o
 .text          0x00000000        0x0 c:/users/vadim/chipwh~1/cw/home/portable/armgcc/bin/../lib/gcc/arm-none-eabi/10.2.1/thumb/v7e-m/nofp/crtn.o
 .data          0x00000000        0x0 c:/users/vadim/chipwh~1/cw/home/portable/armgcc/bin/../lib/gcc/arm-none-eabi/10.2.1/thumb/v7e-m/nofp/crtn.o
 .bss           0x00000000        0x0 c:/users/vadim/chipwh~1/cw/home/portable/armgcc/bin/../lib/gcc/arm-none-eabi/10.2.1/thumb/v7e-m/nofp/crtn.o

Memory Configuration

Name             Origin             Length             Attributes
RAM              0x20000000         0x0000a000         xrw
ROM              0x08000000         0x00040000         xr
*default*        0x00000000         0xffffffff

Linker script and memory map

LOAD c:/users/vadim/chipwh~1/cw/home/portable/armgcc/bin/../lib/gcc/arm-none-eabi/10.2.1/thumb/v7e-m/nofp/crti.o
LOAD c:/users/vadim/chipwh~1/cw/home/portable/armgcc/bin/../lib/gcc/arm-none-eabi/10.2.1/thumb/v7e-m/nofp/crtbegin.o
LOAD c:/users/vadim/chipwh~1/cw/home/portable/armgcc/bin/../lib/gcc/arm-none-eabi/10.2.1/../../../../arm-none-eabi/lib/thumb/v7e-m/nofp/crt0.o
LOAD objdir-CW308_STM32F3/simpleserial-aes.o
LOAD objdir-CW308_STM32F3/simpleserial.o
LOAD objdir-CW308_STM32F3/stm32f3_hal.o
LOAD objdir-CW308_STM32F3/stm32f3_hal_lowlevel.o
LOAD objdir-CW308_STM32F3/stm32f3_sysmem.o
LOAD objdir-CW308_STM32F3/stm32f3_startup.o
LOAD c:/users/vadim/chipwh~1/cw/home/portable/armgcc/bin/../lib/gcc/arm-none-eabi/10.2.1/../../../../arm-none-eabi/lib/thumb/v7e-m/nofp\libm.a
LOAD c:/users/vadim/chipwh~1/cw/home/portable/armgcc/bin/../lib/gcc/arm-none-eabi/10.2.1/../../../../arm-none-eabi/lib/thumb/v7e-m/nofp\libm.a
START GROUP
LOAD c:/users/vadim/chipwh~1/cw/home/portable/armgcc/bin/../lib/gcc/arm-none-eabi/10.2.1/thumb/v7e-m/nofp\libgcc.a
LOAD c:/users/vadim/chipwh~1/cw/home/portable/armgcc/bin/../lib/gcc/arm-none-eabi/10.2.1/../../../../arm-none-eabi/lib/thumb/v7e-m/nofp\libg_nano.a
LOAD c:/users/vadim/chipwh~1/cw/home/portable/armgcc/bin/../lib/gcc/arm-none-eabi/10.2.1/../../../../arm-none-eabi/lib/thumb/v7e-m/nofp\libc_nano.a
END GROUP
START GROUP
LOAD c:/users/vadim/chipwh~1/cw/home/portable/armgcc/bin/../lib/gcc/arm-none-eabi/10.2.1/thumb/v7e-m/nofp\libgcc.a
LOAD c:/users/vadim/chipwh~1/cw/home/portable/armgcc/bin/../lib/gcc/arm-none-eabi/10.2.1/../../../../arm-none-eabi/lib/thumb/v7e-m/nofp\libc_nano.a
LOAD c:/users/vadim/chipwh~1/cw/home/portable/armgcc/bin/../lib/gcc/arm-none-eabi/10.2.1/../../../../arm-none-eabi/lib/thumb/v7e-m/nofp\libnosys.a
END GROUP
START GROUP
LOAD c:/users/vadim/chipwh~1/cw/home/portable/armgcc/bin/../lib/gcc/arm-none-eabi/10.2.1/thumb/v7e-m/nofp\libgcc.a
LOAD c:/users/vadim/chipwh~1/cw/home/portable/armgcc/bin/../lib/gcc/arm-none-eabi/10.2.1/../../../../arm-none-eabi/lib/thumb/v7e-m/nofp\libc_nano.a
LOAD c:/users/vadim/chipwh~1/cw/home/portable/armgcc/bin/../lib/gcc/arm-none-eabi/10.2.1/../../../../arm-none-eabi/lib/thumb/v7e-m/nofp\libnosys.a
END GROUP
LOAD c:/users/vadim/chipwh~1/cw/home/portable/armgcc/bin/../lib/gcc/arm-none-eabi/10.2.1/thumb/v7e-m/nofp/crtend.o
LOAD c:/users/vadim/chipwh~1/cw/home/portable/armgcc/bin/../lib/gcc/arm-none-eabi/10.2.1/thumb/v7e-m/nofp/crtn.o
                0x2000a000                _estack = 0x2000a000
                0x00000000                _Min_Heap_Size = 0x0
                0x00000400                _Min_Stack_Size = 0x400

.isr_vector     0x08000000      0x188
                0x08000000                . = ALIGN (0x4)
 *(.isr_vector)
 .isr_vector    0x08000000      0x188 objdir-CW308_STM32F3/stm32f3_startup.o
                0x08000000                g_pfnVectors
                0x08000188                . = ALIGN (0x4)

.text           0x08000188     0x1220
                0x08000188                . = ALIGN (0x4)
 *(.text)
 .text          0x08000188       0x40 c:/users/vadim/chipwh~1/cw/home/portable/armgcc/bin/../lib/gcc/arm-none-eabi/10.2.1/thumb/v7e-m/nofp/crtbegin.o
 *(.text*)
 .text.get_pt   0x080001c8       0x2a objdir-CW308_STM32F3/simpleserial-aes.o
                0x080001c8                get_pt
 .text.aes      0x080001f2       0x5c objdir-CW308_STM32F3/simpleserial-aes.o
                0x080001f2                aes
 *fill*         0x0800024e        0x2 
 .text.startup.main
                0x08000250       0x50 objdir-CW308_STM32F3/simpleserial-aes.o
                0x08000250                main
 .text.ss_crc   0x080002a0       0x2a objdir-CW308_STM32F3/simpleserial.o
                0x080002a0                ss_crc
 .text.stuff_data
                0x080002ca       0x22 objdir-CW308_STM32F3/simpleserial.o
                0x080002ca                stuff_data
 .text.unstuff_data
                0x080002ec       0x1e objdir-CW308_STM32F3/simpleserial.o
                0x080002ec                unstuff_data
 *fill*         0x0800030a        0x2 
 .text.simpleserial_addcmd
                0x0800030c       0x34 objdir-CW308_STM32F3/simpleserial.o
                0x0800030c                simpleserial_addcmd
 .text.simpleserial_init
                0x08000340       0x24 objdir-CW308_STM32F3/simpleserial.o
                0x08000340                simpleserial_init
 .text.simpleserial_put
                0x08000364       0x56 objdir-CW308_STM32F3/simpleserial.o
                0x08000364                simpleserial_put
 .text.check_version
                0x080003ba       0x1c objdir-CW308_STM32F3/simpleserial.o
                0x080003ba                check_version
 *fill*         0x080003d6        0x2 
 .text.ss_get_commands
                0x080003d8       0x38 objdir-CW308_STM32F3/simpleserial.o
                0x080003d8                ss_get_commands
 .text.simpleserial_get
                0x08000410       0xdc objdir-CW308_STM32F3/simpleserial.o
                0x08000410                simpleserial_get
 .text.platform_init
                0x080004ec       0x80 objdir-CW308_STM32F3/stm32f3_hal.o
                0x080004ec                platform_init
 .text.init_uart
                0x0800056c       0x7c objdir-CW308_STM32F3/stm32f3_hal.o
                0x0800056c                init_uart
 .text.trigger_setup
                0x080005e8       0x48 objdir-CW308_STM32F3/stm32f3_hal.o
                0x080005e8                trigger_setup
 .text.trigger_high
                0x08000630        0xe objdir-CW308_STM32F3/stm32f3_hal.o
                0x08000630                trigger_high
 .text.trigger_low
                0x0800063e        0xe objdir-CW308_STM32F3/stm32f3_hal.o
                0x0800063e                trigger_low
 .text.getch    0x0800064c       0x34 objdir-CW308_STM32F3/stm32f3_hal.o
                0x0800064c                getch
 .text.putch    0x08000680       0x20 objdir-CW308_STM32F3/stm32f3_hal.o
                0x08000680                putch
 .text.HAL_GetTick
                0x080006a0       0x10 objdir-CW308_STM32F3/stm32f3_hal_lowlevel.o
                0x080006a0                HAL_GetTick
 .text.HAL_RCC_OscConfig
                0x080006b0      0x4dc objdir-CW308_STM32F3/stm32f3_hal_lowlevel.o
                0x080006b0                HAL_RCC_OscConfig
 .text.HAL_RCC_ClockConfig
                0x08000b8c      0x14c objdir-CW308_STM32F3/stm32f3_hal_lowlevel.o
                0x08000b8c                HAL_RCC_ClockConfig
 .text.HAL_GPIO_Init
                0x08000cd8      0x188 objdir-CW308_STM32F3/stm32f3_hal_lowlevel.o
                0x08000cd8                HAL_GPIO_Init
 .text.HAL_GPIO_WritePin
                0x08000e60        0xa objdir-CW308_STM32F3/stm32f3_hal_lowlevel.o
                0x08000e60                HAL_GPIO_WritePin
 *fill*         0x08000e6a        0x2 
 .text.UART_SetConfig
                0x08000e6c      0x1e0 objdir-CW308_STM32F3/stm32f3_hal_lowlevel.o
                0x08000e6c                UART_SetConfig
 .text.UART_WaitOnFlagUntilTimeout
                0x0800104c       0x58 objdir-CW308_STM32F3/stm32f3_hal_lowlevel.o
                0x0800104c                UART_WaitOnFlagUntilTimeout
 .text.UART_CheckIdleState
                0x080010a4       0x64 objdir-CW308_STM32F3/stm32f3_hal_lowlevel.o
                0x080010a4                UART_CheckIdleState
 .text.HAL_UART_Init
                0x08001108       0x56 objdir-CW308_STM32F3/stm32f3_hal_lowlevel.o
                0x08001108                HAL_UART_Init
 .text.HAL_UART_Transmit
                0x0800115e       0xac objdir-CW308_STM32F3/stm32f3_hal_lowlevel.o
                0x0800115e                HAL_UART_Transmit
 .text.HAL_UART_Receive
                0x0800120a       0xd6 objdir-CW308_STM32F3/stm32f3_hal_lowlevel.o
                0x0800120a                HAL_UART_Receive
 .text.Reset_Handler
                0x080012e0       0x48 objdir-CW308_STM32F3/stm32f3_startup.o
                0x080012e0                Reset_Handler
 .text.Default_Handler
                0x08001328        0x2 objdir-CW308_STM32F3/stm32f3_startup.o
                0x08001328                DebugMon_Handler
                0x08001328                HardFault_Handler
                0x08001328                SysTick_Handler
                0x08001328                PendSV_Handler
                0x08001328                NMI_Handler
                0x08001328                UsageFault_Handler
                0x08001328                Default_Handler
                0x08001328                MemManage_Handler
                0x08001328                SVC_Handler
                0x08001328                BusFault_Handler
 *fill*         0x0800132a        0x2 
 .text.__libc_init_array
                0x0800132c       0x48 c:/users/vadim/chipwh~1/cw/home/portable/armgcc/bin/../lib/gcc/arm-none-eabi/10.2.1/../../../../arm-none-eabi/lib/thumb/v7e-m/nofp\libg_nano.a(lib_a-init.o)
                0x0800132c                __libc_init_array
 .text.memcpy   0x08001374       0x1c c:/users/vadim/chipwh~1/cw/home/portable/armgcc/bin/../lib/gcc/arm-none-eabi/10.2.1/../../../../arm-none-eabi/lib/thumb/v7e-m/nofp\libg_nano.a(lib_a-memcpy-stub.o)
                0x08001374                memcpy
 *(.glue_7)
 .glue_7        0x08001390        0x0 linker stubs
 *(.glue_7t)
 .glue_7t       0x08001390        0x0 linker stubs
 *(.eh_frame)
 .eh_frame      0x08001390        0x0 c:/users/vadim/chipwh~1/cw/home/portable/armgcc/bin/../lib/gcc/arm-none-eabi/10.2.1/thumb/v7e-m/nofp/crtbegin.o
 *(.init)
 .init          0x08001390        0x4 c:/users/vadim/chipwh~1/cw/home/portable/armgcc/bin/../lib/gcc/arm-none-eabi/10.2.1/thumb/v7e-m/nofp/crti.o
                0x08001390                _init
 .init          0x08001394        0x8 c:/users/vadim/chipwh~1/cw/home/portable/armgcc/bin/../lib/gcc/arm-none-eabi/10.2.1/thumb/v7e-m/nofp/crtn.o
 *(.fini)
 .fini          0x0800139c        0x4 c:/users/vadim/chipwh~1/cw/home/portable/armgcc/bin/../lib/gcc/arm-none-eabi/10.2.1/thumb/v7e-m/nofp/crti.o
                0x0800139c                _fini
 .fini          0x080013a0        0x8 c:/users/vadim/chipwh~1/cw/home/portable/armgcc/bin/../lib/gcc/arm-none-eabi/10.2.1/thumb/v7e-m/nofp/crtn.o
                0x080013a8                . = ALIGN (0x4)
                0x080013a8                _etext = .

.vfp11_veneer   0x080013a8        0x0
 .vfp11_veneer  0x080013a8        0x0 linker stubs

.v4_bx          0x080013a8        0x0
 .v4_bx         0x080013a8        0x0 linker stubs

.iplt           0x080013a8        0x0
 .iplt          0x080013a8        0x0 c:/users/vadim/chipwh~1/cw/home/portable/armgcc/bin/../lib/gcc/arm-none-eabi/10.2.1/thumb/v7e-m/nofp/crtbegin.o

.rodata         0x080013a8       0x14
                0x080013a8                . = ALIGN (0x4)
 *(.rodata)
 .rodata        0x080013a8        0x3 objdir-CW308_STM32F3/stm32f3_hal_lowlevel.o
 *(.rodata*)
 .rodata.str1.1
                0x080013ab       0x11 objdir-CW308_STM32F3/simpleserial-aes.o
                0x080013bc                . = ALIGN (0x4)

.rel.dyn        0x080013bc        0x0
 .rel.iplt      0x080013bc        0x0 c:/users/vadim/chipwh~1/cw/home/portable/armgcc/bin/../lib/gcc/arm-none-eabi/10.2.1/thumb/v7e-m/nofp/crtbegin.o

.ARM.extab      0x080013bc        0x0
                0x080013bc                . = ALIGN (0x4)
 *(.ARM.extab* .gnu.linkonce.armextab.*)
                0x080013bc                . = ALIGN (0x4)

.ARM            0x080013bc        0x0
                0x080013bc                . = ALIGN (0x4)
                0x080013bc                __exidx_start = .
 *(.ARM.exidx*)
                0x080013bc                __exidx_end = .
                0x080013bc                . = ALIGN (0x4)

.preinit_array  0x080013bc        0x0
                0x080013bc                . = ALIGN (0x4)
                0x080013bc                PROVIDE (__preinit_array_start = .)
 *(.preinit_array*)
                0x080013bc                PROVIDE (__preinit_array_end = .)
                0x080013bc                . = ALIGN (0x4)

.init_array     0x080013bc        0x4
                0x080013bc                . = ALIGN (0x4)
                0x080013bc                PROVIDE (__init_array_start = .)
 *(SORT_BY_NAME(.init_array.*))
 *(.init_array*)
 .init_array    0x080013bc        0x4 c:/users/vadim/chipwh~1/cw/home/portable/armgcc/bin/../lib/gcc/arm-none-eabi/10.2.1/thumb/v7e-m/nofp/crtbegin.o
                0x080013c0                PROVIDE (__init_array_end = .)
                0x080013c0                . = ALIGN (0x4)

.fini_array     0x080013c0        0x4
                0x080013c0                . = ALIGN (0x4)
                [!provide]                PROVIDE (__fini_array_start = .)
 *(SORT_BY_NAME(.fini_array.*))
 *(.fini_array*)
 .fini_array    0x080013c0        0x4 c:/users/vadim/chipwh~1/cw/home/portable/armgcc/bin/../lib/gcc/arm-none-eabi/10.2.1/thumb/v7e-m/nofp/crtbegin.o
                [!provide]                PROVIDE (__fini_array_end = .)
                0x080013c4                . = ALIGN (0x4)
                0x080013c4                _sidata = LOADADDR (.data)

.data           0x20000000        0x0 load address 0x080013c4
                0x20000000                . = ALIGN (0x4)
                0x20000000                _sdata = .
 *(.data)
 *(.data*)
                0x20000000                . = ALIGN (0x4)
                0x20000000                _edata = .

.igot.plt       0x20000000        0x0 load address 0x080013c4
 .igot.plt      0x20000000        0x0 c:/users/vadim/chipwh~1/cw/home/portable/armgcc/bin/../lib/gcc/arm-none-eabi/10.2.1/thumb/v7e-m/nofp/crtbegin.o
                0x20000000                . = ALIGN (0x4)

.bss            0x20000000      0x158 load address 0x080013c4
                0x20000000                _sbss = .
                0x20000000                __bss_start__ = _sbss
 *(.bss)
 .bss           0x20000000       0x1c c:/users/vadim/chipwh~1/cw/home/portable/armgcc/bin/../lib/gcc/arm-none-eabi/10.2.1/thumb/v7e-m/nofp/crtbegin.o
 .bss           0x2000001c       0xc4 objdir-CW308_STM32F3/simpleserial.o
 .bss           0x200000e0       0x70 objdir-CW308_STM32F3/stm32f3_hal.o
                0x200000e0                UartHandle
 .bss           0x20000150        0x8 objdir-CW308_STM32F3/stm32f3_hal_lowlevel.o
                0x20000150                hal_sys_tick
                0x20000154                uwTick
 *(.bss*)
 *(COMMON)
                0x20000158                . = ALIGN (0x4)
                0x20000158                _ebss = .
                0x20000158                __bss_end__ = _ebss

._user_heap_stack
                0x20000158      0x400 load address 0x080013c4
                0x20000158                . = ALIGN (0x8)
                0x20000158                PROVIDE (end = .)
                [!provide]                PROVIDE (_end = .)
                0x20000158                . = (. + _Min_Heap_Size)
                0x20000558                . = (. + _Min_Stack_Size)
 *fill*         0x20000158      0x400 
                0x20000558                . = ALIGN (0x8)

/DISCARD/
 libc.a(*)
 libm.a(*)
 libgcc.a(*)

.ARM.attributes
                0x00000000       0x2a
 *(.ARM.attributes)
 .ARM.attributes
                0x00000000       0x1e c:/users/vadim/chipwh~1/cw/home/portable/armgcc/bin/../lib/gcc/arm-none-eabi/10.2.1/thumb/v7e-m/nofp/crti.o
 .ARM.attributes
                0x0000001e       0x2e c:/users/vadim/chipwh~1/cw/home/portable/armgcc/bin/../lib/gcc/arm-none-eabi/10.2.1/thumb/v7e-m/nofp/crtbegin.o
 .ARM.attributes
                0x0000004c       0x2e objdir-CW308_STM32F3/simpleserial-aes.o
 .ARM.attributes
                0x0000007a       0x2e objdir-CW308_STM32F3/simpleserial.o
 .ARM.attributes
                0x000000a8       0x2e objdir-CW308_STM32F3/stm32f3_hal.o
 .ARM.attributes
                0x000000d6       0x2e objdir-CW308_STM32F3/stm32f3_hal_lowlevel.o
 .ARM.attributes
                0x00000104       0x21 objdir-CW308_STM32F3/stm32f3_startup.o
 .ARM.attributes
                0x00000125       0x2e c:/users/vadim/chipwh~1/cw/home/portable/armgcc/bin/../lib/gcc/arm-none-eabi/10.2.1/../../../../arm-none-eabi/lib/thumb/v7e-m/nofp\libg_nano.a(lib_a-init.o)
 .ARM.attributes
                0x00000153       0x2e c:/users/vadim/chipwh~1/cw/home/portable/armgcc/bin/../lib/gcc/arm-none-eabi/10.2.1/../../../../arm-none-eabi/lib/thumb/v7e-m/nofp\libg_nano.a(lib_a-memcpy-stub.o)
 .ARM.attributes
                0x00000181       0x1e c:/users/vadim/chipwh~1/cw/home/portable/armgcc/bin/../lib/gcc/arm-none-eabi/10.2.1/thumb/v7e-m/nofp/crtn.o
OUTPUT(simpleserial-aes-CW308_STM32F3.elf elf32-littlearm)
LOAD linker stubs
LOAD c:/users/vadim/chipwh~1/cw/home/portable/armgcc/bin/../lib/gcc/arm-none-eabi/10.2.1/../../../../arm-none-eabi/lib/thumb/v7e-m/nofp\libc.a
LOAD c:/users/vadim/chipwh~1/cw/home/portable/armgcc/bin/../lib/gcc/arm-none-eabi/10.2.1/../../../../arm-none-eabi/lib/thumb/v7e-m/nofp\libm.a
LOAD c:/users/vadim/chipwh~1/cw/home/portable/armgcc/bin/../lib/gcc/arm-none-eabi/10.2.1/thumb/v7e-m/nofp\libgcc.a

.debug_info     0x00000000     0x438c
 .debug_info    0x00000000      0x6dc objdir-CW308_STM32F3/simpleserial-aes.o
 .debug_info    0x000006dc      0x869 objdir-CW308_STM32F3/simpleserial.o
 .debug_info    0x00000f45      0xe88 objdir-CW308_STM32F3/stm32f3_hal.o
 .debug_info    0x00001dcd     0x25bf objdir-CW308_STM32F3/stm32f3_hal_lowlevel.o

.debug_abbrev   0x00000000      0xb9c
 .debug_abbrev  0x00000000      0x249 objdir-CW308_STM32F3/simpleserial-aes.o
 .debug_abbrev  0x00000249      0x27f objdir-CW308_STM32F3/simpleserial.o
 .debug_abbrev  0x000004c8      0x225 objdir-CW308_STM32F3/stm32f3_hal.o
 .debug_abbrev  0x000006ed      0x4af objdir-CW308_STM32F3/stm32f3_hal_lowlevel.o

.debug_loc      0x00000000     0x24f3
 .debug_loc     0x00000000      0x3ec objdir-CW308_STM32F3/simpleserial-aes.o
 .debug_loc     0x000003ec      0x8f2 objdir-CW308_STM32F3/simpleserial.o
 .debug_loc     0x00000cde      0x1a4 objdir-CW308_STM32F3/stm32f3_hal.o
 .debug_loc     0x00000e82     0x1671 objdir-CW308_STM32F3/stm32f3_hal_lowlevel.o

.debug_aranges  0x00000000      0x1c8
 .debug_aranges
                0x00000000       0x60 objdir-CW308_STM32F3/simpleserial-aes.o
 .debug_aranges
                0x00000060       0x78 objdir-CW308_STM32F3/simpleserial.o
 .debug_aranges
                0x000000d8       0x60 objdir-CW308_STM32F3/stm32f3_hal.o
 .debug_aranges
                0x00000138       0x90 objdir-CW308_STM32F3/stm32f3_hal_lowlevel.o

.debug_ranges   0x00000000      0x440
 .debug_ranges  0x00000000       0x98 objdir-CW308_STM32F3/simpleserial-aes.o
 .debug_ranges  0x00000098       0xf8 objdir-CW308_STM32F3/simpleserial.o
 .debug_ranges  0x00000190       0xb0 objdir-CW308_STM32F3/stm32f3_hal.o
 .debug_ranges  0x00000240      0x200 objdir-CW308_STM32F3/stm32f3_hal_lowlevel.o

.debug_line     0x00000000     0x255b
 .debug_line    0x00000000      0x3cc objdir-CW308_STM32F3/simpleserial-aes.o
 .debug_line    0x000003cc      0x69d objdir-CW308_STM32F3/simpleserial.o
 .debug_line    0x00000a69      0x3c7 objdir-CW308_STM32F3/stm32f3_hal.o
 .debug_line    0x00000e30     0x172b objdir-CW308_STM32F3/stm32f3_hal_lowlevel.o

.debug_str      0x00000000     0x1413
 .debug_str     0x00000000      0x385 objdir-CW308_STM32F3/simpleserial-aes.o
                                0x3cf (size before relaxing)
 .debug_str     0x00000385       0xdf objdir-CW308_STM32F3/simpleserial.o
                                0x396 (size before relaxing)
 .debug_str     0x00000464      0x6f0 objdir-CW308_STM32F3/stm32f3_hal.o
                                0x963 (size before relaxing)
 .debug_str     0x00000b54      0x8bf objdir-CW308_STM32F3/stm32f3_hal_lowlevel.o
                               0x11c8 (size before relaxing)

.comment        0x00000000       0x4d
 .comment       0x00000000       0x4d objdir-CW308_STM32F3/simpleserial-aes.o
                                 0x4e (size before relaxing)
 .comment       0x0000004d       0x4e objdir-CW308_STM32F3/simpleserial.o
 .comment       0x0000004d       0x4e objdir-CW308_STM32F3/stm32f3_hal.o
 .comment       0x0000004d       0x4e objdir-CW308_STM32F3/stm32f3_hal_lowlevel.o

.debug_frame    0x00000000      0x574
 .debug_frame   0x00000000       0xec objdir-CW308_STM32F3/simpleserial-aes.o
 .debug_frame   0x000000ec      0x174 objdir-CW308_STM32F3/simpleserial.o
 .debug_frame   0x00000260       0xec objdir-CW308_STM32F3/stm32f3_hal.o
 .debug_frame   0x0000034c      0x1d4 objdir-CW308_STM32F3/stm32f3_hal_lowlevel.o
 .debug_frame   0x00000520       0x2c c:/users/vadim/chipwh~1/cw/home/portable/armgcc/bin/../lib/gcc/arm-none-eabi/10.2.1/../../../../arm-none-eabi/lib/thumb/v7e-m/nofp\libg_nano.a(lib_a-init.o)
 .debug_frame   0x0000054c       0x28 c:/users/vadim/chipwh~1/cw/home/portable/armgcc/bin/../lib/gcc/arm-none-eabi/10.2.1/../../../../arm-none-eabi/lib/thumb/v7e-m/nofp\libg_nano.a(lib_a-memcpy-stub.o)

.stab           0x00000000      0x144
 .stab          0x00000000      0x144 objdir-CW308_STM32F3/stm32f3_startup.o

.stabstr        0x00000000       0x51
 .stabstr       0x00000000       0x51 objdir-CW308_STM32F3/stm32f3_startup.o

Cross Reference Table

Symbol                                            File
BusFault_Handler                                  objdir-CW308_STM32F3/stm32f3_startup.o
DebugMon_Handler                                  objdir-CW308_STM32F3/stm32f3_startup.o
Default_Handler                                   objdir-CW308_STM32F3/stm32f3_startup.o
HAL_GPIO_Init                                     objdir-CW308_STM32F3/stm32f3_hal_lowlevel.o
                                                  objdir-CW308_STM32F3/stm32f3_hal.o
HAL_GPIO_WritePin                                 objdir-CW308_STM32F3/stm32f3_hal_lowlevel.o
                                                  objdir-CW308_STM32F3/stm32f3_hal.o
HAL_GetTick                                       objdir-CW308_STM32F3/stm32f3_hal_lowlevel.o
HAL_IncTick                                       objdir-CW308_STM32F3/stm32f3_hal_lowlevel.o
HAL_InitTick                                      objdir-CW308_STM32F3/stm32f3_hal_lowlevel.o
HAL_NVIC_SetPriority                              objdir-CW308_STM32F3/stm32f3_hal_lowlevel.o
HAL_RCC_ClockConfig                               objdir-CW308_STM32F3/stm32f3_hal_lowlevel.o
                                                  objdir-CW308_STM32F3/stm32f3_hal.o
HAL_RCC_GetPCLK1Freq                              objdir-CW308_STM32F3/stm32f3_hal_lowlevel.o
HAL_RCC_GetPCLK2Freq                              objdir-CW308_STM32F3/stm32f3_hal_lowlevel.o
HAL_RCC_GetSysClockFreq                           objdir-CW308_STM32F3/stm32f3_hal_lowlevel.o
HAL_RCC_OscConfig                                 objdir-CW308_STM32F3/stm32f3_hal_lowlevel.o
                                                  objdir-CW308_STM32F3/stm32f3_hal.o
HAL_UART_Init                                     objdir-CW308_STM32F3/stm32f3_hal_lowlevel.o
                                                  objdir-CW308_STM32F3/stm32f3_hal.o
HAL_UART_Receive                                  objdir-CW308_STM32F3/stm32f3_hal_lowlevel.o
                                                  objdir-CW308_STM32F3/stm32f3_hal.o
HAL_UART_Transmit                                 objdir-CW308_STM32F3/stm32f3_hal_lowlevel.o
                                                  objdir-CW308_STM32F3/stm32f3_hal.o
HardFault_Handler                                 objdir-CW308_STM32F3/stm32f3_startup.o
MemManage_Handler                                 objdir-CW308_STM32F3/stm32f3_startup.o
NMI_Handler                                       objdir-CW308_STM32F3/stm32f3_startup.o
PendSV_Handler                                    objdir-CW308_STM32F3/stm32f3_startup.o
Reset_Handler                                     objdir-CW308_STM32F3/stm32f3_startup.o
SVC_Handler                                       objdir-CW308_STM32F3/stm32f3_startup.o
SysTick_Handler                                   objdir-CW308_STM32F3/stm32f3_startup.o
SystemCoreClock                                   objdir-CW308_STM32F3/stm32f3_hal_lowlevel.o
SystemInit                                        objdir-CW308_STM32F3/stm32f3_startup.o
UART_CheckIdleState                               objdir-CW308_STM32F3/stm32f3_hal_lowlevel.o
UART_SetConfig                                    objdir-CW308_STM32F3/stm32f3_hal_lowlevel.o
UART_WaitOnFlagUntilTimeout                       objdir-CW308_STM32F3/stm32f3_hal_lowlevel.o
UartHandle                                        objdir-CW308_STM32F3/stm32f3_hal.o
UsageFault_Handler                                objdir-CW308_STM32F3/stm32f3_startup.o
__bss_end__                                       c:/users/vadim/chipwh~1/cw/home/portable/armgcc/bin/../lib/gcc/arm-none-eabi/10.2.1/../../../../arm-none-eabi/lib/thumb/v7e-m/nofp/crt0.o
__bss_start__                                     c:/users/vadim/chipwh~1/cw/home/portable/armgcc/bin/../lib/gcc/arm-none-eabi/10.2.1/../../../../arm-none-eabi/lib/thumb/v7e-m/nofp/crt0.o
__call_exitprocs                                  c:/users/vadim/chipwh~1/cw/home/portable/armgcc/bin/../lib/gcc/arm-none-eabi/10.2.1/../../../../arm-none-eabi/lib/thumb/v7e-m/nofp\libg_nano.a(lib_a-exit.o)
__deregister_frame_info                           c:/users/vadim/chipwh~1/cw/home/portable/armgcc/bin/../lib/gcc/arm-none-eabi/10.2.1/thumb/v7e-m/nofp/crtbegin.o
__dso_handle                                      c:/users/vadim/chipwh~1/cw/home/portable/armgcc/bin/../lib/gcc/arm-none-eabi/10.2.1/thumb/v7e-m/nofp/crtbegin.o
__errno                                           c:/users/vadim/chipwh~1/cw/home/portable/armgcc/bin/../lib/gcc/arm-none-eabi/10.2.1/../../../../arm-none-eabi/lib/thumb/v7e-m/nofp\libg_nano.a(lib_a-errno.o)
                                                  objdir-CW308_STM32F3/stm32f3_sysmem.o
__init_array_end                                  c:/users/vadim/chipwh~1/cw/home/portable/armgcc/bin/../lib/gcc/arm-none-eabi/10.2.1/../../../../arm-none-eabi/lib/thumb/v7e-m/nofp\libg_nano.a(lib_a-init.o)
__init_array_start                                c:/users/vadim/chipwh~1/cw/home/portable/armgcc/bin/../lib/gcc/arm-none-eabi/10.2.1/../../../../arm-none-eabi/lib/thumb/v7e-m/nofp\libg_nano.a(lib_a-init.o)
__libc_fini_array                                 c:/users/vadim/chipwh~1/cw/home/portable/armgcc/bin/../lib/gcc/arm-none-eabi/10.2.1/../../../../arm-none-eabi/lib/thumb/v7e-m/nofp/crt0.o
__libc_init_array                                 c:/users/vadim/chipwh~1/cw/home/portable/armgcc/bin/../lib/gcc/arm-none-eabi/10.2.1/../../../../arm-none-eabi/lib/thumb/v7e-m/nofp\libg_nano.a(lib_a-init.o)
                                                  objdir-CW308_STM32F3/stm32f3_startup.o
                                                  c:/users/vadim/chipwh~1/cw/home/portable/armgcc/bin/../lib/gcc/arm-none-eabi/10.2.1/../../../../arm-none-eabi/lib/thumb/v7e-m/nofp/crt0.o
__preinit_array_end                               c:/users/vadim/chipwh~1/cw/home/portable/armgcc/bin/../lib/gcc/arm-none-eabi/10.2.1/../../../../arm-none-eabi/lib/thumb/v7e-m/nofp\libg_nano.a(lib_a-init.o)
__preinit_array_start                             c:/users/vadim/chipwh~1/cw/home/portable/armgcc/bin/../lib/gcc/arm-none-eabi/10.2.1/../../../../arm-none-eabi/lib/thumb/v7e-m/nofp\libg_nano.a(lib_a-init.o)
__register_frame_info                             c:/users/vadim/chipwh~1/cw/home/portable/armgcc/bin/../lib/gcc/arm-none-eabi/10.2.1/thumb/v7e-m/nofp/crtbegin.o
__sf_fake_stderr                                  c:/users/vadim/chipwh~1/cw/home/portable/armgcc/bin/../lib/gcc/arm-none-eabi/10.2.1/../../../../arm-none-eabi/lib/thumb/v7e-m/nofp\libg_nano.a(lib_a-impure.o)
__sf_fake_stdin                                   c:/users/vadim/chipwh~1/cw/home/portable/armgcc/bin/../lib/gcc/arm-none-eabi/10.2.1/../../../../arm-none-eabi/lib/thumb/v7e-m/nofp\libg_nano.a(lib_a-impure.o)
__sf_fake_stdout                                  c:/users/vadim/chipwh~1/cw/home/portable/armgcc/bin/../lib/gcc/arm-none-eabi/10.2.1/../../../../arm-none-eabi/lib/thumb/v7e-m/nofp\libg_nano.a(lib_a-impure.o)
__stack                                           c:/users/vadim/chipwh~1/cw/home/portable/armgcc/bin/../lib/gcc/arm-none-eabi/10.2.1/../../../../arm-none-eabi/lib/thumb/v7e-m/nofp/crt0.o
_ebss                                             objdir-CW308_STM32F3/stm32f3_startup.o
_edata                                            objdir-CW308_STM32F3/stm32f3_startup.o
_estack                                           objdir-CW308_STM32F3/stm32f3_startup.o
_exit                                             c:/users/vadim/chipwh~1/cw/home/portable/armgcc/bin/../lib/gcc/arm-none-eabi/10.2.1/../../../../arm-none-eabi/lib/thumb/v7e-m/nofp\libnosys.a(_exit.o)
                                                  c:/users/vadim/chipwh~1/cw/home/portable/armgcc/bin/../lib/gcc/arm-none-eabi/10.2.1/../../../../arm-none-eabi/lib/thumb/v7e-m/nofp\libg_nano.a(lib_a-exit.o)
_fini                                             c:/users/vadim/chipwh~1/cw/home/portable/armgcc/bin/../lib/gcc/arm-none-eabi/10.2.1/thumb/v7e-m/nofp/crti.o
_global_impure_ptr                                c:/users/vadim/chipwh~1/cw/home/portable/armgcc/bin/../lib/gcc/arm-none-eabi/10.2.1/../../../../arm-none-eabi/lib/thumb/v7e-m/nofp\libg_nano.a(lib_a-impure.o)
                                                  c:/users/vadim/chipwh~1/cw/home/portable/armgcc/bin/../lib/gcc/arm-none-eabi/10.2.1/../../../../arm-none-eabi/lib/thumb/v7e-m/nofp\libg_nano.a(lib_a-exit.o)
_impure_ptr                                       c:/users/vadim/chipwh~1/cw/home/portable/armgcc/bin/../lib/gcc/arm-none-eabi/10.2.1/../../../../arm-none-eabi/lib/thumb/v7e-m/nofp\libg_nano.a(lib_a-impure.o)
                                                  c:/users/vadim/chipwh~1/cw/home/portable/armgcc/bin/../lib/gcc/arm-none-eabi/10.2.1/../../../../arm-none-eabi/lib/thumb/v7e-m/nofp\libg_nano.a(lib_a-errno.o)
_init                                             c:/users/vadim/chipwh~1/cw/home/portable/armgcc/bin/../lib/gcc/arm-none-eabi/10.2.1/thumb/v7e-m/nofp/crti.o
                                                  c:/users/vadim/chipwh~1/cw/home/portable/armgcc/bin/../lib/gcc/arm-none-eabi/10.2.1/../../../../arm-none-eabi/lib/thumb/v7e-m/nofp\libg_nano.a(lib_a-init.o)
_mainCRTStartup                                   c:/users/vadim/chipwh~1/cw/home/portable/armgcc/bin/../lib/gcc/arm-none-eabi/10.2.1/../../../../arm-none-eabi/lib/thumb/v7e-m/nofp/crt0.o
_sbrk                                             objdir-CW308_STM32F3/stm32f3_sysmem.o
_sbss                                             objdir-CW308_STM32F3/stm32f3_startup.o
_sdata                                            objdir-CW308_STM32F3/stm32f3_startup.o
_sidata                                           objdir-CW308_STM32F3/stm32f3_startup.o
_stack_init                                       c:/users/vadim/chipwh~1/cw/home/portable/armgcc/bin/../lib/gcc/arm-none-eabi/10.2.1/../../../../arm-none-eabi/lib/thumb/v7e-m/nofp/crt0.o
_start                                            c:/users/vadim/chipwh~1/cw/home/portable/armgcc/bin/../lib/gcc/arm-none-eabi/10.2.1/../../../../arm-none-eabi/lib/thumb/v7e-m/nofp/crt0.o
aes                                               objdir-CW308_STM32F3/simpleserial-aes.o
aes_indep_enc                                     objdir-CW308_STM32F3/simpleserial-aes.o
aes_indep_enc_posttrigger                         objdir-CW308_STM32F3/simpleserial-aes.o
aes_indep_enc_pretrigger                          objdir-CW308_STM32F3/simpleserial-aes.o
aes_indep_init                                    objdir-CW308_STM32F3/simpleserial-aes.o
aes_indep_key                                     objdir-CW308_STM32F3/simpleserial-aes.o
aes_indep_mask                                    objdir-CW308_STM32F3/simpleserial-aes.o
atexit                                            c:/users/vadim/chipwh~1/cw/home/portable/armgcc/bin/../lib/gcc/arm-none-eabi/10.2.1/../../../../arm-none-eabi/lib/thumb/v7e-m/nofp/crt0.o
change_err_led                                    objdir-CW308_STM32F3/stm32f3_hal.o
change_ok_led                                     objdir-CW308_STM32F3/stm32f3_hal.o
check_version                                     objdir-CW308_STM32F3/simpleserial.o
enc_multi_getpt                                   objdir-CW308_STM32F3/simpleserial-aes.o
enc_multi_setnum                                  objdir-CW308_STM32F3/simpleserial-aes.o
end                                               objdir-CW308_STM32F3/stm32f3_sysmem.o
exit                                              c:/users/vadim/chipwh~1/cw/home/portable/armgcc/bin/../lib/gcc/arm-none-eabi/10.2.1/../../../../arm-none-eabi/lib/thumb/v7e-m/nofp\libg_nano.a(lib_a-exit.o)
                                                  c:/users/vadim/chipwh~1/cw/home/portable/armgcc/bin/../lib/gcc/arm-none-eabi/10.2.1/../../../../arm-none-eabi/lib/thumb/v7e-m/nofp/crt0.o
g_pfnVectors                                      objdir-CW308_STM32F3/stm32f3_startup.o
get_key                                           objdir-CW308_STM32F3/simpleserial-aes.o
get_mask                                          objdir-CW308_STM32F3/simpleserial-aes.o
get_pt                                            objdir-CW308_STM32F3/simpleserial-aes.o
getch                                             objdir-CW308_STM32F3/stm32f3_hal.o
                                                  objdir-CW308_STM32F3/simpleserial.o
hal_sys_tick                                      objdir-CW308_STM32F3/stm32f3_hal_lowlevel.o
hardware_init_hook                                c:/users/vadim/chipwh~1/cw/home/portable/armgcc/bin/../lib/gcc/arm-none-eabi/10.2.1/../../../../arm-none-eabi/lib/thumb/v7e-m/nofp/crt0.o
hex_decode                                        objdir-CW308_STM32F3/simpleserial.o
init_uart                                         objdir-CW308_STM32F3/stm32f3_hal.o
                                                  objdir-CW308_STM32F3/simpleserial-aes.o
led_error                                         objdir-CW308_STM32F3/simpleserial-aes.o
led_ok                                            objdir-CW308_STM32F3/simpleserial-aes.o
main                                              objdir-CW308_STM32F3/simpleserial-aes.o
                                                  objdir-CW308_STM32F3/stm32f3_startup.o
                                                  c:/users/vadim/chipwh~1/cw/home/portable/armgcc/bin/../lib/gcc/arm-none-eabi/10.2.1/../../../../arm-none-eabi/lib/thumb/v7e-m/nofp/crt0.o
memcpy                                            c:/users/vadim/chipwh~1/cw/home/portable/armgcc/bin/../lib/gcc/arm-none-eabi/10.2.1/../../../../arm-none-eabi/lib/thumb/v7e-m/nofp\libg_nano.a(lib_a-memcpy-stub.o)
                                                  objdir-CW308_STM32F3/simpleserial.o
memset                                            c:/users/vadim/chipwh~1/cw/home/portable/armgcc/bin/../lib/gcc/arm-none-eabi/10.2.1/../../../../arm-none-eabi/lib/thumb/v7e-m/nofp\libg_nano.a(lib_a-memset.o)
                                                  c:/users/vadim/chipwh~1/cw/home/portable/armgcc/bin/../lib/gcc/arm-none-eabi/10.2.1/../../../../arm-none-eabi/lib/thumb/v7e-m/nofp/crt0.o
platform_init                                     objdir-CW308_STM32F3/stm32f3_hal.o
                                                  objdir-CW308_STM32F3/simpleserial-aes.o
putch                                             objdir-CW308_STM32F3/stm32f3_hal.o
                                                  objdir-CW308_STM32F3/simpleserial.o
reset                                             objdir-CW308_STM32F3/simpleserial-aes.o
simpleserial_addcmd                               objdir-CW308_STM32F3/simpleserial.o
                                                  objdir-CW308_STM32F3/simpleserial-aes.o
simpleserial_get                                  objdir-CW308_STM32F3/simpleserial.o
                                                  objdir-CW308_STM32F3/simpleserial-aes.o
simpleserial_init                                 objdir-CW308_STM32F3/simpleserial.o
                                                  objdir-CW308_STM32F3/simpleserial-aes.o
simpleserial_put                                  objdir-CW308_STM32F3/simpleserial.o
                                                  objdir-CW308_STM32F3/simpleserial-aes.o
software_init_hook                                c:/users/vadim/chipwh~1/cw/home/portable/armgcc/bin/../lib/gcc/arm-none-eabi/10.2.1/../../../../arm-none-eabi/lib/thumb/v7e-m/nofp/crt0.o
ss_crc                                            objdir-CW308_STM32F3/simpleserial.o
ss_get_commands                                   objdir-CW308_STM32F3/simpleserial.o
ss_puts                                           objdir-CW308_STM32F3/simpleserial.o
stuff_data                                        objdir-CW308_STM32F3/simpleserial.o
trigger_high                                      objdir-CW308_STM32F3/stm32f3_hal.o
                                                  objdir-CW308_STM32F3/simpleserial-aes.o
trigger_low                                       objdir-CW308_STM32F3/stm32f3_hal.o
                                                  objdir-CW308_STM32F3/simpleserial-aes.o
trigger_setup                                     objdir-CW308_STM32F3/stm32f3_hal.o
                                                  objdir-CW308_STM32F3/simpleserial-aes.o
unstuff_data                                      objdir-CW308_STM32F3/simpleserial.o
uwTick                                            objdir-CW308_STM32F3/stm32f3_hal_lowlevel.o
