Archive member included to satisfy reference by file (symbol)

c:/users/vadim/chipwh~1/cw/home/portable/armgcc/bin/../lib/gcc/arm-none-eabi/10.2.1/../../../../arm-none-eabi/lib/thumb/v7e-m/nofp\libg_nano.a(lib_a-errno.o)
                              objdir-CWLITEARM/stm32f3_sysmem.o (__errno)
c:/users/vadim/chipwh~1/cw/home/portable/armgcc/bin/../lib/gcc/arm-none-eabi/10.2.1/../../../../arm-none-eabi/lib/thumb/v7e-m/nofp\libg_nano.a(lib_a-exit.o)
                              c:/users/vadim/chipwh~1/cw/home/portable/armgcc/bin/../lib/gcc/arm-none-eabi/10.2.1/../../../../arm-none-eabi/lib/thumb/v7e-m/nofp/crt0.o (exit)
c:/users/vadim/chipwh~1/cw/home/portable/armgcc/bin/../lib/gcc/arm-none-eabi/10.2.1/../../../../arm-none-eabi/lib/thumb/v7e-m/nofp\libg_nano.a(lib_a-impure.o)
                              c:/users/vadim/chipwh~1/cw/home/portable/armgcc/bin/../lib/gcc/arm-none-eabi/10.2.1/../../../../arm-none-eabi/lib/thumb/v7e-m/nofp\libg_nano.a(lib_a-exit.o) (_global_impure_ptr)
c:/users/vadim/chipwh~1/cw/home/portable/armgcc/bin/../lib/gcc/arm-none-eabi/10.2.1/../../../../arm-none-eabi/lib/thumb/v7e-m/nofp\libg_nano.a(lib_a-init.o)
                              c:/users/vadim/chipwh~1/cw/home/portable/armgcc/bin/../lib/gcc/arm-none-eabi/10.2.1/../../../../arm-none-eabi/lib/thumb/v7e-m/nofp/crt0.o (__libc_init_array)
c:/users/vadim/chipwh~1/cw/home/portable/armgcc/bin/../lib/gcc/arm-none-eabi/10.2.1/../../../../arm-none-eabi/lib/thumb/v7e-m/nofp\libg_nano.a(lib_a-memset.o)
                              c:/users/vadim/chipwh~1/cw/home/portable/armgcc/bin/../lib/gcc/arm-none-eabi/10.2.1/../../../../arm-none-eabi/lib/thumb/v7e-m/nofp/crt0.o (memset)
c:/users/vadim/chipwh~1/cw/home/portable/armgcc/bin/../lib/gcc/arm-none-eabi/10.2.1/../../../../arm-none-eabi/lib/thumb/v7e-m/nofp\libnosys.a(_exit.o)
                              c:/users/vadim/chipwh~1/cw/home/portable/armgcc/bin/../lib/gcc/arm-none-eabi/10.2.1/../../../../arm-none-eabi/lib/thumb/v7e-m/nofp\libg_nano.a(lib_a-exit.o) (_exit)

Discarded input sections

 .text          0x00000000        0x0 c:/users/vadim/chipwh~1/cw/home/portable/armgcc/bin/../lib/gcc/arm-none-eabi/10.2.1/thumb/v7e-m/nofp/crti.o
 .data          0x00000000        0x0 c:/users/vadim/chipwh~1/cw/home/portable/armgcc/bin/../lib/gcc/arm-none-eabi/10.2.1/thumb/v7e-m/nofp/crti.o
 .bss           0x00000000        0x0 c:/users/vadim/chipwh~1/cw/home/portable/armgcc/bin/../lib/gcc/arm-none-eabi/10.2.1/thumb/v7e-m/nofp/crti.o
 .data          0x00000000        0x4 c:/users/vadim/chipwh~1/cw/home/portable/armgcc/bin/../lib/gcc/arm-none-eabi/10.2.1/thumb/v7e-m/nofp/crtbegin.o
 .rodata        0x00000000       0x24 c:/users/vadim/chipwh~1/cw/home/portable/armgcc/bin/../lib/gcc/arm-none-eabi/10.2.1/thumb/v7e-m/nofp/crtbegin.o
 .text          0x00000000       0x7c c:/users/vadim/chipwh~1/cw/home/portable/armgcc/bin/../lib/gcc/arm-none-eabi/10.2.1/../../../../arm-none-eabi/lib/thumb/v7e-m/nofp/crt0.o
 .data          0x00000000        0x0 c:/users/vadim/chipwh~1/cw/home/portable/armgcc/bin/../lib/gcc/arm-none-eabi/10.2.1/../../../../arm-none-eabi/lib/thumb/v7e-m/nofp/crt0.o
 .bss           0x00000000        0x0 c:/users/vadim/chipwh~1/cw/home/portable/armgcc/bin/../lib/gcc/arm-none-eabi/10.2.1/../../../../arm-none-eabi/lib/thumb/v7e-m/nofp/crt0.o
 .ARM.extab     0x00000000        0x0 c:/users/vadim/chipwh~1/cw/home/portable/armgcc/bin/../lib/gcc/arm-none-eabi/10.2.1/../../../../arm-none-eabi/lib/thumb/v7e-m/nofp/crt0.o
 .ARM.exidx     0x00000000       0x10 c:/users/vadim/chipwh~1/cw/home/portable/armgcc/bin/../lib/gcc/arm-none-eabi/10.2.1/../../../../arm-none-eabi/lib/thumb/v7e-m/nofp/crt0.o
 .ARM.attributes
                0x00000000       0x1c c:/users/vadim/chipwh~1/cw/home/portable/armgcc/bin/../lib/gcc/arm-none-eabi/10.2.1/../../../../arm-none-eabi/lib/thumb/v7e-m/nofp/crt0.o
 .text          0x00000000        0x0 objdir-CWLITEARM/simpleserial-aes.o
 .bss           0x00000000        0x0 objdir-CWLITEARM/simpleserial-aes.o
 .text.change_ok_led
                0x00000000        0x2 objdir-CWLITEARM/simpleserial-aes.o
 .text.change_err_led
                0x00000000        0x2 objdir-CWLITEARM/simpleserial-aes.o
 .text          0x00000000        0x0 objdir-CWLITEARM/simpleserial.o
 .data          0x00000000        0x0 objdir-CWLITEARM/simpleserial.o
 .text.change_ok_led
                0x00000000        0x2 objdir-CWLITEARM/simpleserial.o
 .text.change_err_led
                0x00000000        0x2 objdir-CWLITEARM/simpleserial.o
 .text.ss_crc   0x00000000       0x2a objdir-CWLITEARM/simpleserial.o
 .text          0x00000000        0x0 objdir-CWLITEARM/stm32f3_hal.o
 .data          0x00000000        0x0 objdir-CWLITEARM/stm32f3_hal.o
 .text.change_err_led
                0x00000000       0x18 objdir-CWLITEARM/stm32f3_hal.o
 .text.change_ok_led
                0x00000000       0x18 objdir-CWLITEARM/stm32f3_hal.o
 .text          0x00000000        0x0 objdir-CWLITEARM/stm32f3_hal_lowlevel.o
 .data          0x00000000        0x4 objdir-CWLITEARM/stm32f3_hal_lowlevel.o
 .text.HAL_NVIC_SetPriority
                0x00000000       0x64 objdir-CWLITEARM/stm32f3_hal_lowlevel.o
 .text.HAL_InitTick
                0x00000000        0xc objdir-CWLITEARM/stm32f3_hal_lowlevel.o
 .text.HAL_IncTick
                0x00000000        0x2 objdir-CWLITEARM/stm32f3_hal_lowlevel.o
 .text.HAL_RCC_GetSysClockFreq
                0x00000000        0x6 objdir-CWLITEARM/stm32f3_hal_lowlevel.o
 .text.HAL_RCC_GetPCLK1Freq
                0x00000000        0x6 objdir-CWLITEARM/stm32f3_hal_lowlevel.o
 .text.HAL_RCC_GetPCLK2Freq
                0x00000000        0x6 objdir-CWLITEARM/stm32f3_hal_lowlevel.o
 .text          0x00000000        0x0 objdir-CWLITEARM/stm32f3_sysmem.o
 .data          0x00000000        0x0 objdir-CWLITEARM/stm32f3_sysmem.o
 .bss           0x00000000        0x4 objdir-CWLITEARM/stm32f3_sysmem.o
 .text._sbrk    0x00000000       0x34 objdir-CWLITEARM/stm32f3_sysmem.o
 .debug_info    0x00000000      0x10d objdir-CWLITEARM/stm32f3_sysmem.o
 .debug_abbrev  0x00000000       0xd2 objdir-CWLITEARM/stm32f3_sysmem.o
 .debug_loc     0x00000000       0x74 objdir-CWLITEARM/stm32f3_sysmem.o
 .debug_aranges
                0x00000000       0x20 objdir-CWLITEARM/stm32f3_sysmem.o
 .debug_ranges  0x00000000       0x10 objdir-CWLITEARM/stm32f3_sysmem.o
 .debug_line    0x00000000       0xfd objdir-CWLITEARM/stm32f3_sysmem.o
 .debug_str     0x00000000      0x219 objdir-CWLITEARM/stm32f3_sysmem.o
 .comment       0x00000000       0x4e objdir-CWLITEARM/stm32f3_sysmem.o
 .debug_frame   0x00000000       0x28 objdir-CWLITEARM/stm32f3_sysmem.o
 .ARM.attributes
                0x00000000       0x2e objdir-CWLITEARM/stm32f3_sysmem.o
 .text          0x00000000        0x0 objdir-CWLITEARM/gost.o
 .data          0x00000000        0x0 objdir-CWLITEARM/gost.o
 .bss           0x00000000       0xc0 objdir-CWLITEARM/gost.o
 .text.kuz_l    0x00000000       0x58 objdir-CWLITEARM/gost.o
 .text.GOST_ECB_indp_setkey
                0x00000000      0x138 objdir-CWLITEARM/gost.o
 .text.GOST_ECB_indp_crypto
                0x00000000       0x90 objdir-CWLITEARM/gost.o
 .rodata        0x00000000      0x110 objdir-CWLITEARM/gost.o
 .debug_info    0x00000000      0x45d objdir-CWLITEARM/gost.o
 .debug_abbrev  0x00000000      0x21d objdir-CWLITEARM/gost.o
 .debug_loc     0x00000000      0x34b objdir-CWLITEARM/gost.o
 .debug_aranges
                0x00000000       0x30 objdir-CWLITEARM/gost.o
 .debug_ranges  0x00000000       0x98 objdir-CWLITEARM/gost.o
 .debug_line    0x00000000      0x403 objdir-CWLITEARM/gost.o
 .debug_str     0x00000000      0x29c objdir-CWLITEARM/gost.o
 .comment       0x00000000       0x4e objdir-CWLITEARM/gost.o
 .debug_frame   0x00000000       0x80 objdir-CWLITEARM/gost.o
 .ARM.attributes
                0x00000000       0x2e objdir-CWLITEARM/gost.o
 .text          0x00000000        0x0 objdir-CWLITEARM/gost-independant.o
 .data          0x00000000        0x0 objdir-CWLITEARM/gost-independant.o
 .bss           0x00000000       0x20 objdir-CWLITEARM/gost-independant.o
 .text.change_ok_led
                0x00000000        0x2 objdir-CWLITEARM/gost-independant.o
 .text.change_err_led
                0x00000000        0x2 objdir-CWLITEARM/gost-independant.o
 .text.gost_indep_init
                0x00000000        0x2 objdir-CWLITEARM/gost-independant.o
 .text.gost_indep_key
                0x00000000        0x4 objdir-CWLITEARM/gost-independant.o
 .text.gost_indep_enc
                0x00000000        0x4 objdir-CWLITEARM/gost-independant.o
 .text.gost_indep_enc_pretrigger
                0x00000000        0x2 objdir-CWLITEARM/gost-independant.o
 .text.gost_indep_enc_posttrigger
                0x00000000        0x2 objdir-CWLITEARM/gost-independant.o
 .text.gost_indep_mask
                0x00000000        0x2 objdir-CWLITEARM/gost-independant.o
 .debug_info    0x00000000      0x22f objdir-CWLITEARM/gost-independant.o
 .debug_abbrev  0x00000000      0x164 objdir-CWLITEARM/gost-independant.o
 .debug_loc     0x00000000       0x4a objdir-CWLITEARM/gost-independant.o
 .debug_aranges
                0x00000000       0x48 objdir-CWLITEARM/gost-independant.o
 .debug_ranges  0x00000000       0x38 objdir-CWLITEARM/gost-independant.o
 .debug_line    0x00000000      0x1b0 objdir-CWLITEARM/gost-independant.o
 .debug_str     0x00000000      0x2b7 objdir-CWLITEARM/gost-independant.o
 .comment       0x00000000       0x4e objdir-CWLITEARM/gost-independant.o
 .debug_frame   0x00000000       0x90 objdir-CWLITEARM/gost-independant.o
 .ARM.attributes
                0x00000000       0x2e objdir-CWLITEARM/gost-independant.o
 .text          0x00000000       0x14 objdir-CWLITEARM/stm32f3_startup.o
 .data          0x00000000        0x0 objdir-CWLITEARM/stm32f3_startup.o
 .bss           0x00000000        0x0 objdir-CWLITEARM/stm32f3_startup.o
 .text          0x00000000        0x0 c:/users/vadim/chipwh~1/cw/home/portable/armgcc/bin/../lib/gcc/arm-none-eabi/10.2.1/../../../../arm-none-eabi/lib/thumb/v7e-m/nofp\libg_nano.a(lib_a-errno.o)
 .data          0x00000000        0x0 c:/users/vadim/chipwh~1/cw/home/portable/armgcc/bin/../lib/gcc/arm-none-eabi/10.2.1/../../../../arm-none-eabi/lib/thumb/v7e-m/nofp\libg_nano.a(lib_a-errno.o)
 .bss           0x00000000        0x0 c:/users/vadim/chipwh~1/cw/home/portable/armgcc/bin/../lib/gcc/arm-none-eabi/10.2.1/../../../../arm-none-eabi/lib/thumb/v7e-m/nofp\libg_nano.a(lib_a-errno.o)
 .text.__errno  0x00000000        0xc c:/users/vadim/chipwh~1/cw/home/portable/armgcc/bin/../lib/gcc/arm-none-eabi/10.2.1/../../../../arm-none-eabi/lib/thumb/v7e-m/nofp\libg_nano.a(lib_a-errno.o)
 .debug_frame   0x00000000       0x20 c:/users/vadim/chipwh~1/cw/home/portable/armgcc/bin/../lib/gcc/arm-none-eabi/10.2.1/../../../../arm-none-eabi/lib/thumb/v7e-m/nofp\libg_nano.a(lib_a-errno.o)
 .ARM.attributes
                0x00000000       0x2e c:/users/vadim/chipwh~1/cw/home/portable/armgcc/bin/../lib/gcc/arm-none-eabi/10.2.1/../../../../arm-none-eabi/lib/thumb/v7e-m/nofp\libg_nano.a(lib_a-errno.o)
 .text          0x00000000        0x0 c:/users/vadim/chipwh~1/cw/home/portable/armgcc/bin/../lib/gcc/arm-none-eabi/10.2.1/../../../../arm-none-eabi/lib/thumb/v7e-m/nofp\libg_nano.a(lib_a-exit.o)
 .data          0x00000000        0x0 c:/users/vadim/chipwh~1/cw/home/portable/armgcc/bin/../lib/gcc/arm-none-eabi/10.2.1/../../../../arm-none-eabi/lib/thumb/v7e-m/nofp\libg_nano.a(lib_a-exit.o)
 .bss           0x00000000        0x0 c:/users/vadim/chipwh~1/cw/home/portable/armgcc/bin/../lib/gcc/arm-none-eabi/10.2.1/../../../../arm-none-eabi/lib/thumb/v7e-m/nofp\libg_nano.a(lib_a-exit.o)
 .text.exit     0x00000000       0x28 c:/users/vadim/chipwh~1/cw/home/portable/armgcc/bin/../lib/gcc/arm-none-eabi/10.2.1/../../../../arm-none-eabi/lib/thumb/v7e-m/nofp\libg_nano.a(lib_a-exit.o)
 .debug_frame   0x00000000       0x28 c:/users/vadim/chipwh~1/cw/home/portable/armgcc/bin/../lib/gcc/arm-none-eabi/10.2.1/../../../../arm-none-eabi/lib/thumb/v7e-m/nofp\libg_nano.a(lib_a-exit.o)
 .ARM.attributes
                0x00000000       0x2e c:/users/vadim/chipwh~1/cw/home/portable/armgcc/bin/../lib/gcc/arm-none-eabi/10.2.1/../../../../arm-none-eabi/lib/thumb/v7e-m/nofp\libg_nano.a(lib_a-exit.o)
 .text          0x00000000        0x0 c:/users/vadim/chipwh~1/cw/home/portable/armgcc/bin/../lib/gcc/arm-none-eabi/10.2.1/../../../../arm-none-eabi/lib/thumb/v7e-m/nofp\libg_nano.a(lib_a-impure.o)
 .data          0x00000000        0x0 c:/users/vadim/chipwh~1/cw/home/portable/armgcc/bin/../lib/gcc/arm-none-eabi/10.2.1/../../../../arm-none-eabi/lib/thumb/v7e-m/nofp\libg_nano.a(lib_a-impure.o)
 .bss           0x00000000        0x0 c:/users/vadim/chipwh~1/cw/home/portable/armgcc/bin/../lib/gcc/arm-none-eabi/10.2.1/../../../../arm-none-eabi/lib/thumb/v7e-m/nofp\libg_nano.a(lib_a-impure.o)
 .data._impure_ptr
                0x00000000        0x4 c:/users/vadim/chipwh~1/cw/home/portable/armgcc/bin/../lib/gcc/arm-none-eabi/10.2.1/../../../../arm-none-eabi/lib/thumb/v7e-m/nofp\libg_nano.a(lib_a-impure.o)
 .data.impure_data
                0x00000000       0x60 c:/users/vadim/chipwh~1/cw/home/portable/armgcc/bin/../lib/gcc/arm-none-eabi/10.2.1/../../../../arm-none-eabi/lib/thumb/v7e-m/nofp\libg_nano.a(lib_a-impure.o)
 .rodata._global_impure_ptr
                0x00000000        0x4 c:/users/vadim/chipwh~1/cw/home/portable/armgcc/bin/../lib/gcc/arm-none-eabi/10.2.1/../../../../arm-none-eabi/lib/thumb/v7e-m/nofp\libg_nano.a(lib_a-impure.o)
 .ARM.attributes
                0x00000000       0x2e c:/users/vadim/chipwh~1/cw/home/portable/armgcc/bin/../lib/gcc/arm-none-eabi/10.2.1/../../../../arm-none-eabi/lib/thumb/v7e-m/nofp\libg_nano.a(lib_a-impure.o)
 .text          0x00000000        0x0 c:/users/vadim/chipwh~1/cw/home/portable/armgcc/bin/../lib/gcc/arm-none-eabi/10.2.1/../../../../arm-none-eabi/lib/thumb/v7e-m/nofp\libg_nano.a(lib_a-init.o)
 .data          0x00000000        0x0 c:/users/vadim/chipwh~1/cw/home/portable/armgcc/bin/../lib/gcc/arm-none-eabi/10.2.1/../../../../arm-none-eabi/lib/thumb/v7e-m/nofp\libg_nano.a(lib_a-init.o)
 .bss           0x00000000        0x0 c:/users/vadim/chipwh~1/cw/home/portable/armgcc/bin/../lib/gcc/arm-none-eabi/10.2.1/../../../../arm-none-eabi/lib/thumb/v7e-m/nofp\libg_nano.a(lib_a-init.o)
 .text          0x00000000        0x0 c:/users/vadim/chipwh~1/cw/home/portable/armgcc/bin/../lib/gcc/arm-none-eabi/10.2.1/../../../../arm-none-eabi/lib/thumb/v7e-m/nofp\libg_nano.a(lib_a-memset.o)
 .data          0x00000000        0x0 c:/users/vadim/chipwh~1/cw/home/portable/armgcc/bin/../lib/gcc/arm-none-eabi/10.2.1/../../../../arm-none-eabi/lib/thumb/v7e-m/nofp\libg_nano.a(lib_a-memset.o)
 .bss           0x00000000        0x0 c:/users/vadim/chipwh~1/cw/home/portable/armgcc/bin/../lib/gcc/arm-none-eabi/10.2.1/../../../../arm-none-eabi/lib/thumb/v7e-m/nofp\libg_nano.a(lib_a-memset.o)
 .text.memset   0x00000000       0x10 c:/users/vadim/chipwh~1/cw/home/portable/armgcc/bin/../lib/gcc/arm-none-eabi/10.2.1/../../../../arm-none-eabi/lib/thumb/v7e-m/nofp\libg_nano.a(lib_a-memset.o)
 .debug_frame   0x00000000       0x20 c:/users/vadim/chipwh~1/cw/home/portable/armgcc/bin/../lib/gcc/arm-none-eabi/10.2.1/../../../../arm-none-eabi/lib/thumb/v7e-m/nofp\libg_nano.a(lib_a-memset.o)
 .ARM.attributes
                0x00000000       0x2e c:/users/vadim/chipwh~1/cw/home/portable/armgcc/bin/../lib/gcc/arm-none-eabi/10.2.1/../../../../arm-none-eabi/lib/thumb/v7e-m/nofp\libg_nano.a(lib_a-memset.o)
 .text          0x00000000        0x0 c:/users/vadim/chipwh~1/cw/home/portable/armgcc/bin/../lib/gcc/arm-none-eabi/10.2.1/../../../../arm-none-eabi/lib/thumb/v7e-m/nofp\libnosys.a(_exit.o)
 .data          0x00000000        0x0 c:/users/vadim/chipwh~1/cw/home/portable/armgcc/bin/../lib/gcc/arm-none-eabi/10.2.1/../../../../arm-none-eabi/lib/thumb/v7e-m/nofp\libnosys.a(_exit.o)
 .bss           0x00000000        0x0 c:/users/vadim/chipwh~1/cw/home/portable/armgcc/bin/../lib/gcc/arm-none-eabi/10.2.1/../../../../arm-none-eabi/lib/thumb/v7e-m/nofp\libnosys.a(_exit.o)
 .text._exit    0x00000000        0x4 c:/users/vadim/chipwh~1/cw/home/portable/armgcc/bin/../lib/gcc/arm-none-eabi/10.2.1/../../../../arm-none-eabi/lib/thumb/v7e-m/nofp\libnosys.a(_exit.o)
 .debug_frame   0x00000000       0x20 c:/users/vadim/chipwh~1/cw/home/portable/armgcc/bin/../lib/gcc/arm-none-eabi/10.2.1/../../../../arm-none-eabi/lib/thumb/v7e-m/nofp\libnosys.a(_exit.o)
 .ARM.attributes
                0x00000000       0x2e c:/users/vadim/chipwh~1/cw/home/portable/armgcc/bin/../lib/gcc/arm-none-eabi/10.2.1/../../../../arm-none-eabi/lib/thumb/v7e-m/nofp\libnosys.a(_exit.o)
 .text          0x00000000        0x0 c:/users/vadim/chipwh~1/cw/home/portable/armgcc/bin/../lib/gcc/arm-none-eabi/10.2.1/thumb/v7e-m/nofp/crtend.o
 .data          0x00000000        0x0 c:/users/vadim/chipwh~1/cw/home/portable/armgcc/bin/../lib/gcc/arm-none-eabi/10.2.1/thumb/v7e-m/nofp/crtend.o
 .bss           0x00000000        0x0 c:/users/vadim/chipwh~1/cw/home/portable/armgcc/bin/../lib/gcc/arm-none-eabi/10.2.1/thumb/v7e-m/nofp/crtend.o
 .rodata        0x00000000       0x24 c:/users/vadim/chipwh~1/cw/home/portable/armgcc/bin/../lib/gcc/arm-none-eabi/10.2.1/thumb/v7e-m/nofp/crtend.o
 .eh_frame      0x00000000        0x4 c:/users/vadim/chipwh~1/cw/home/portable/armgcc/bin/../lib/gcc/arm-none-eabi/10.2.1/thumb/v7e-m/nofp/crtend.o
 .ARM.attributes
                0x00000000       0x2e c:/users/vadim/chipwh~1/cw/home/portable/armgcc/bin/../lib/gcc/arm-none-eabi/10.2.1/thumb/v7e-m/nofp/crtend.o
 .text          0x00000000        0x0 c:/users/vadim/chipwh~1/cw/home/portable/armgcc/bin/../lib/gcc/arm-none-eabi/10.2.1/thumb/v7e-m/nofp/crtn.o
 .data          0x00000000        0x0 c:/users/vadim/chipwh~1/cw/home/portable/armgcc/bin/../lib/gcc/arm-none-eabi/10.2.1/thumb/v7e-m/nofp/crtn.o
 .bss           0x00000000        0x0 c:/users/vadim/chipwh~1/cw/home/portable/armgcc/bin/../lib/gcc/arm-none-eabi/10.2.1/thumb/v7e-m/nofp/crtn.o

Memory Configuration

Name             Origin             Length             Attributes
RAM              0x20000000         0x0000a000         xrw
ROM              0x08000000         0x00040000         xr
*default*        0x00000000         0xffffffff

Linker script and memory map

LOAD c:/users/vadim/chipwh~1/cw/home/portable/armgcc/bin/../lib/gcc/arm-none-eabi/10.2.1/thumb/v7e-m/nofp/crti.o
LOAD c:/users/vadim/chipwh~1/cw/home/portable/armgcc/bin/../lib/gcc/arm-none-eabi/10.2.1/thumb/v7e-m/nofp/crtbegin.o
LOAD c:/users/vadim/chipwh~1/cw/home/portable/armgcc/bin/../lib/gcc/arm-none-eabi/10.2.1/../../../../arm-none-eabi/lib/thumb/v7e-m/nofp/crt0.o
LOAD objdir-CWLITEARM/simpleserial-aes.o
LOAD objdir-CWLITEARM/simpleserial.o
LOAD objdir-CWLITEARM/stm32f3_hal.o
LOAD objdir-CWLITEARM/stm32f3_hal_lowlevel.o
LOAD objdir-CWLITEARM/stm32f3_sysmem.o
LOAD objdir-CWLITEARM/gost.o
LOAD objdir-CWLITEARM/gost-independant.o
LOAD objdir-CWLITEARM/stm32f3_startup.o
LOAD c:/users/vadim/chipwh~1/cw/home/portable/armgcc/bin/../lib/gcc/arm-none-eabi/10.2.1/../../../../arm-none-eabi/lib/thumb/v7e-m/nofp\libm.a
LOAD c:/users/vadim/chipwh~1/cw/home/portable/armgcc/bin/../lib/gcc/arm-none-eabi/10.2.1/../../../../arm-none-eabi/lib/thumb/v7e-m/nofp\libm.a
START GROUP
LOAD c:/users/vadim/chipwh~1/cw/home/portable/armgcc/bin/../lib/gcc/arm-none-eabi/10.2.1/thumb/v7e-m/nofp\libgcc.a
LOAD c:/users/vadim/chipwh~1/cw/home/portable/armgcc/bin/../lib/gcc/arm-none-eabi/10.2.1/../../../../arm-none-eabi/lib/thumb/v7e-m/nofp\libg_nano.a
LOAD c:/users/vadim/chipwh~1/cw/home/portable/armgcc/bin/../lib/gcc/arm-none-eabi/10.2.1/../../../../arm-none-eabi/lib/thumb/v7e-m/nofp\libc_nano.a
END GROUP
START GROUP
LOAD c:/users/vadim/chipwh~1/cw/home/portable/armgcc/bin/../lib/gcc/arm-none-eabi/10.2.1/thumb/v7e-m/nofp\libgcc.a
LOAD c:/users/vadim/chipwh~1/cw/home/portable/armgcc/bin/../lib/gcc/arm-none-eabi/10.2.1/../../../../arm-none-eabi/lib/thumb/v7e-m/nofp\libc_nano.a
LOAD c:/users/vadim/chipwh~1/cw/home/portable/armgcc/bin/../lib/gcc/arm-none-eabi/10.2.1/../../../../arm-none-eabi/lib/thumb/v7e-m/nofp\libnosys.a
END GROUP
START GROUP
LOAD c:/users/vadim/chipwh~1/cw/home/portable/armgcc/bin/../lib/gcc/arm-none-eabi/10.2.1/thumb/v7e-m/nofp\libgcc.a
LOAD c:/users/vadim/chipwh~1/cw/home/portable/armgcc/bin/../lib/gcc/arm-none-eabi/10.2.1/../../../../arm-none-eabi/lib/thumb/v7e-m/nofp\libc_nano.a
LOAD c:/users/vadim/chipwh~1/cw/home/portable/armgcc/bin/../lib/gcc/arm-none-eabi/10.2.1/../../../../arm-none-eabi/lib/thumb/v7e-m/nofp\libnosys.a
END GROUP
LOAD c:/users/vadim/chipwh~1/cw/home/portable/armgcc/bin/../lib/gcc/arm-none-eabi/10.2.1/thumb/v7e-m/nofp/crtend.o
LOAD c:/users/vadim/chipwh~1/cw/home/portable/armgcc/bin/../lib/gcc/arm-none-eabi/10.2.1/thumb/v7e-m/nofp/crtn.o
                0x2000a000                _estack = 0x2000a000
                0x00000000                _Min_Heap_Size = 0x0
                0x00000400                _Min_Stack_Size = 0x400

.isr_vector     0x08000000      0x188
                0x08000000                . = ALIGN (0x4)
 *(.isr_vector)
 .isr_vector    0x08000000      0x188 objdir-CWLITEARM/stm32f3_startup.o
                0x08000000                g_pfnVectors
                0x08000188                . = ALIGN (0x4)

.text           0x08000188     0x1260
                0x08000188                . = ALIGN (0x4)
 *(.text)
 .text          0x08000188       0x40 c:/users/vadim/chipwh~1/cw/home/portable/armgcc/bin/../lib/gcc/arm-none-eabi/10.2.1/thumb/v7e-m/nofp/crtbegin.o
 *(.text*)
 .text.reset    0x080001c8        0x4 objdir-CWLITEARM/simpleserial-aes.o
                0x080001c8                reset
 .text.enc_multi_setnum
                0x080001cc       0x10 objdir-CWLITEARM/simpleserial-aes.o
                0x080001cc                enc_multi_setnum
 .text.get_mask
                0x080001dc        0xa objdir-CWLITEARM/simpleserial-aes.o
                0x080001dc                get_mask
 .text.get_key  0x080001e6        0xa objdir-CWLITEARM/simpleserial-aes.o
                0x080001e6                get_key
 .text.get_pt   0x080001f0       0x2a objdir-CWLITEARM/simpleserial-aes.o
                0x080001f0                get_pt
 *fill*         0x0800021a        0x2 
 .text.enc_multi_getpt
                0x0800021c       0x3c objdir-CWLITEARM/simpleserial-aes.o
                0x0800021c                enc_multi_getpt
 .text.startup.main
                0x08000258       0x98 objdir-CWLITEARM/simpleserial-aes.o
                0x08000258                main
 .text.check_version
                0x080002f0        0x4 objdir-CWLITEARM/simpleserial.o
                0x080002f0                check_version
 .text.hex_decode
                0x080002f4       0x78 objdir-CWLITEARM/simpleserial.o
                0x080002f4                hex_decode
 .text.simpleserial_addcmd_flags
                0x0800036c       0x2c objdir-CWLITEARM/simpleserial.o
                0x0800036c                simpleserial_addcmd_flags
 .text.simpleserial_addcmd
                0x08000398        0x6 objdir-CWLITEARM/simpleserial.o
                0x08000398                simpleserial_addcmd
 *fill*         0x0800039e        0x2 
 .text.simpleserial_init
                0x080003a0       0x2c objdir-CWLITEARM/simpleserial.o
                0x080003a0                simpleserial_init
 .text.simpleserial_put
                0x080003cc       0x40 objdir-CWLITEARM/simpleserial.o
                0x080003cc                simpleserial_put
 .text.ss_num_commands
                0x0800040c       0x24 objdir-CWLITEARM/simpleserial.o
                0x0800040c                ss_num_commands
 .text.ss_get_commands
                0x08000430       0x50 objdir-CWLITEARM/simpleserial.o
                0x08000430                ss_get_commands
 .text.simpleserial_get
                0x08000480       0xc8 objdir-CWLITEARM/simpleserial.o
                0x08000480                simpleserial_get
 .text.platform_init
                0x08000548       0x80 objdir-CWLITEARM/stm32f3_hal.o
                0x08000548                platform_init
 .text.init_uart
                0x080005c8       0x7c objdir-CWLITEARM/stm32f3_hal.o
                0x080005c8                init_uart
 .text.trigger_setup
                0x08000644       0x48 objdir-CWLITEARM/stm32f3_hal.o
                0x08000644                trigger_setup
 .text.trigger_high
                0x0800068c        0xe objdir-CWLITEARM/stm32f3_hal.o
                0x0800068c                trigger_high
 .text.trigger_low
                0x0800069a        0xe objdir-CWLITEARM/stm32f3_hal.o
                0x0800069a                trigger_low
 .text.getch    0x080006a8       0x34 objdir-CWLITEARM/stm32f3_hal.o
                0x080006a8                getch
 .text.putch    0x080006dc       0x20 objdir-CWLITEARM/stm32f3_hal.o
                0x080006dc                putch
 .text.HAL_GetTick
                0x080006fc       0x10 objdir-CWLITEARM/stm32f3_hal_lowlevel.o
                0x080006fc                HAL_GetTick
 .text.HAL_RCC_OscConfig
                0x0800070c      0x4dc objdir-CWLITEARM/stm32f3_hal_lowlevel.o
                0x0800070c                HAL_RCC_OscConfig
 .text.HAL_RCC_ClockConfig
                0x08000be8      0x14c objdir-CWLITEARM/stm32f3_hal_lowlevel.o
                0x08000be8                HAL_RCC_ClockConfig
 .text.HAL_GPIO_Init
                0x08000d34      0x188 objdir-CWLITEARM/stm32f3_hal_lowlevel.o
                0x08000d34                HAL_GPIO_Init
 .text.HAL_GPIO_WritePin
                0x08000ebc        0xa objdir-CWLITEARM/stm32f3_hal_lowlevel.o
                0x08000ebc                HAL_GPIO_WritePin
 *fill*         0x08000ec6        0x2 
 .text.UART_SetConfig
                0x08000ec8      0x1e0 objdir-CWLITEARM/stm32f3_hal_lowlevel.o
                0x08000ec8                UART_SetConfig
 .text.UART_WaitOnFlagUntilTimeout
                0x080010a8       0x58 objdir-CWLITEARM/stm32f3_hal_lowlevel.o
                0x080010a8                UART_WaitOnFlagUntilTimeout
 .text.UART_CheckIdleState
                0x08001100       0x64 objdir-CWLITEARM/stm32f3_hal_lowlevel.o
                0x08001100                UART_CheckIdleState
 .text.HAL_UART_Init
                0x08001164       0x56 objdir-CWLITEARM/stm32f3_hal_lowlevel.o
                0x08001164                HAL_UART_Init
 .text.HAL_UART_Transmit
                0x080011ba       0xac objdir-CWLITEARM/stm32f3_hal_lowlevel.o
                0x080011ba                HAL_UART_Transmit
 .text.HAL_UART_Receive
                0x08001266       0xd6 objdir-CWLITEARM/stm32f3_hal_lowlevel.o
                0x08001266                HAL_UART_Receive
 .text.Reset_Handler
                0x0800133c       0x48 objdir-CWLITEARM/stm32f3_startup.o
                0x0800133c                Reset_Handler
 .text.Default_Handler
                0x08001384        0x2 objdir-CWLITEARM/stm32f3_startup.o
                0x08001384                DebugMon_Handler
                0x08001384                HardFault_Handler
                0x08001384                SysTick_Handler
                0x08001384                PendSV_Handler
                0x08001384                NMI_Handler
                0x08001384                UsageFault_Handler
                0x08001384                Default_Handler
                0x08001384                MemManage_Handler
                0x08001384                SVC_Handler
                0x08001384                BusFault_Handler
 *fill*         0x08001386        0x2 
 .text.__libc_init_array
                0x08001388       0x48 c:/users/vadim/chipwh~1/cw/home/portable/armgcc/bin/../lib/gcc/arm-none-eabi/10.2.1/../../../../arm-none-eabi/lib/thumb/v7e-m/nofp\libg_nano.a(lib_a-init.o)
                0x08001388                __libc_init_array
 *(.glue_7)
 .glue_7        0x080013d0        0x0 linker stubs
 *(.glue_7t)
 .glue_7t       0x080013d0        0x0 linker stubs
 *(.eh_frame)
 .eh_frame      0x080013d0        0x0 c:/users/vadim/chipwh~1/cw/home/portable/armgcc/bin/../lib/gcc/arm-none-eabi/10.2.1/thumb/v7e-m/nofp/crtbegin.o
 *(.init)
 .init          0x080013d0        0x4 c:/users/vadim/chipwh~1/cw/home/portable/armgcc/bin/../lib/gcc/arm-none-eabi/10.2.1/thumb/v7e-m/nofp/crti.o
                0x080013d0                _init
 .init          0x080013d4        0x8 c:/users/vadim/chipwh~1/cw/home/portable/armgcc/bin/../lib/gcc/arm-none-eabi/10.2.1/thumb/v7e-m/nofp/crtn.o
 *(.fini)
 .fini          0x080013dc        0x4 c:/users/vadim/chipwh~1/cw/home/portable/armgcc/bin/../lib/gcc/arm-none-eabi/10.2.1/thumb/v7e-m/nofp/crti.o
                0x080013dc                _fini
 .fini          0x080013e0        0x8 c:/users/vadim/chipwh~1/cw/home/portable/armgcc/bin/../lib/gcc/arm-none-eabi/10.2.1/thumb/v7e-m/nofp/crtn.o
                0x080013e8                . = ALIGN (0x4)
                0x080013e8                _etext = .

.vfp11_veneer   0x080013e8        0x0
 .vfp11_veneer  0x080013e8        0x0 linker stubs

.v4_bx          0x080013e8        0x0
 .v4_bx         0x080013e8        0x0 linker stubs

.iplt           0x080013e8        0x0
 .iplt          0x080013e8        0x0 c:/users/vadim/chipwh~1/cw/home/portable/armgcc/bin/../lib/gcc/arm-none-eabi/10.2.1/thumb/v7e-m/nofp/crtbegin.o

.rodata         0x080013e8       0x24
                0x080013e8                . = ALIGN (0x4)
 *(.rodata)
 .rodata        0x080013e8       0x10 objdir-CWLITEARM/simpleserial.o
 .rodata        0x080013f8        0x3 objdir-CWLITEARM/stm32f3_hal_lowlevel.o
 *(.rodata*)
 .rodata.str1.1
                0x080013fb       0x11 objdir-CWLITEARM/simpleserial-aes.o
                0x0800140c                . = ALIGN (0x4)

.rel.dyn        0x0800140c        0x0
 .rel.iplt      0x0800140c        0x0 c:/users/vadim/chipwh~1/cw/home/portable/armgcc/bin/../lib/gcc/arm-none-eabi/10.2.1/thumb/v7e-m/nofp/crtbegin.o

.ARM.extab      0x0800140c        0x0
                0x0800140c                . = ALIGN (0x4)
 *(.ARM.extab* .gnu.linkonce.armextab.*)
                0x0800140c                . = ALIGN (0x4)

.ARM            0x0800140c        0x0
                0x0800140c                . = ALIGN (0x4)
                0x0800140c                __exidx_start = .
 *(.ARM.exidx*)
                0x0800140c                __exidx_end = .
                0x0800140c                . = ALIGN (0x4)

.preinit_array  0x0800140c        0x0
                0x0800140c                . = ALIGN (0x4)
                0x0800140c                PROVIDE (__preinit_array_start = .)
 *(.preinit_array*)
                0x0800140c                PROVIDE (__preinit_array_end = .)
                0x0800140c                . = ALIGN (0x4)

.init_array     0x0800140c        0x4
                0x0800140c                . = ALIGN (0x4)
                0x0800140c                PROVIDE (__init_array_start = .)
 *(SORT_BY_NAME(.init_array.*))
 *(.init_array*)
 .init_array    0x0800140c        0x4 c:/users/vadim/chipwh~1/cw/home/portable/armgcc/bin/../lib/gcc/arm-none-eabi/10.2.1/thumb/v7e-m/nofp/crtbegin.o
                0x08001410                PROVIDE (__init_array_end = .)
                0x08001410                . = ALIGN (0x4)

.fini_array     0x08001410        0x4
                0x08001410                . = ALIGN (0x4)
                [!provide]                PROVIDE (__fini_array_start = .)
 *(SORT_BY_NAME(.fini_array.*))
 *(.fini_array*)
 .fini_array    0x08001410        0x4 c:/users/vadim/chipwh~1/cw/home/portable/armgcc/bin/../lib/gcc/arm-none-eabi/10.2.1/thumb/v7e-m/nofp/crtbegin.o
                [!provide]                PROVIDE (__fini_array_end = .)
                0x08001414                . = ALIGN (0x4)
                0x08001414                _sidata = LOADADDR (.data)

.data           0x20000000        0x4 load address 0x08001414
                0x20000000                . = ALIGN (0x4)
                0x20000000                _sdata = .
 *(.data)
 .data          0x20000000        0x2 objdir-CWLITEARM/simpleserial-aes.o
 *(.data*)
                0x20000004                . = ALIGN (0x4)
 *fill*         0x20000002        0x2 
                0x20000004                _edata = .

.igot.plt       0x20000004        0x0 load address 0x08001418
 .igot.plt      0x20000004        0x0 c:/users/vadim/chipwh~1/cw/home/portable/armgcc/bin/../lib/gcc/arm-none-eabi/10.2.1/thumb/v7e-m/nofp/crtbegin.o
                0x20000004                . = ALIGN (0x4)

.bss            0x20000004      0x198 load address 0x08001418
                0x20000004                _sbss = .
                0x20000004                __bss_start__ = _sbss
 *(.bss)
 .bss           0x20000004       0x1c c:/users/vadim/chipwh~1/cw/home/portable/armgcc/bin/../lib/gcc/arm-none-eabi/10.2.1/thumb/v7e-m/nofp/crtbegin.o
 .bss           0x20000020      0x104 objdir-CWLITEARM/simpleserial.o
 .bss           0x20000124       0x70 objdir-CWLITEARM/stm32f3_hal.o
                0x20000124                UartHandle
 .bss           0x20000194        0x8 objdir-CWLITEARM/stm32f3_hal_lowlevel.o
                0x20000194                hal_sys_tick
                0x20000198                uwTick
 *(.bss*)
 *(COMMON)
                0x2000019c                . = ALIGN (0x4)
                0x2000019c                _ebss = .
                0x2000019c                __bss_end__ = _ebss

._user_heap_stack
                0x2000019c      0x404 load address 0x08001418
                0x200001a0                . = ALIGN (0x8)
 *fill*         0x2000019c        0x4 
                0x200001a0                PROVIDE (end = .)
                [!provide]                PROVIDE (_end = .)
                0x200001a0                . = (. + _Min_Heap_Size)
                0x200005a0                . = (. + _Min_Stack_Size)
 *fill*         0x200001a0      0x400 
                0x200005a0                . = ALIGN (0x8)

/DISCARD/
 libc.a(*)
 libm.a(*)
 libgcc.a(*)

.ARM.attributes
                0x00000000       0x2a
 *(.ARM.attributes)
 .ARM.attributes
                0x00000000       0x1e c:/users/vadim/chipwh~1/cw/home/portable/armgcc/bin/../lib/gcc/arm-none-eabi/10.2.1/thumb/v7e-m/nofp/crti.o
 .ARM.attributes
                0x0000001e       0x2e c:/users/vadim/chipwh~1/cw/home/portable/armgcc/bin/../lib/gcc/arm-none-eabi/10.2.1/thumb/v7e-m/nofp/crtbegin.o
 .ARM.attributes
                0x0000004c       0x2e objdir-CWLITEARM/simpleserial-aes.o
 .ARM.attributes
                0x0000007a       0x2e objdir-CWLITEARM/simpleserial.o
 .ARM.attributes
                0x000000a8       0x2e objdir-CWLITEARM/stm32f3_hal.o
 .ARM.attributes
                0x000000d6       0x2e objdir-CWLITEARM/stm32f3_hal_lowlevel.o
 .ARM.attributes
                0x00000104       0x21 objdir-CWLITEARM/stm32f3_startup.o
 .ARM.attributes
                0x00000125       0x2e c:/users/vadim/chipwh~1/cw/home/portable/armgcc/bin/../lib/gcc/arm-none-eabi/10.2.1/../../../../arm-none-eabi/lib/thumb/v7e-m/nofp\libg_nano.a(lib_a-init.o)
 .ARM.attributes
                0x00000153       0x1e c:/users/vadim/chipwh~1/cw/home/portable/armgcc/bin/../lib/gcc/arm-none-eabi/10.2.1/thumb/v7e-m/nofp/crtn.o
OUTPUT(simpleserial-aes-CWLITEARM.elf elf32-littlearm)
LOAD linker stubs
LOAD c:/users/vadim/chipwh~1/cw/home/portable/armgcc/bin/../lib/gcc/arm-none-eabi/10.2.1/../../../../arm-none-eabi/lib/thumb/v7e-m/nofp\libc.a
LOAD c:/users/vadim/chipwh~1/cw/home/portable/armgcc/bin/../lib/gcc/arm-none-eabi/10.2.1/../../../../arm-none-eabi/lib/thumb/v7e-m/nofp\libm.a
LOAD c:/users/vadim/chipwh~1/cw/home/portable/armgcc/bin/../lib/gcc/arm-none-eabi/10.2.1/thumb/v7e-m/nofp\libgcc.a

.debug_info     0x00000000     0x4224
 .debug_info    0x00000000      0x5e5 objdir-CWLITEARM/simpleserial-aes.o
 .debug_info    0x000005e5      0x7f8 objdir-CWLITEARM/simpleserial.o
 .debug_info    0x00000ddd      0xe88 objdir-CWLITEARM/stm32f3_hal.o
 .debug_info    0x00001c65     0x25bf objdir-CWLITEARM/stm32f3_hal_lowlevel.o

.debug_abbrev   0x00000000      0xb3a
 .debug_abbrev  0x00000000      0x188 objdir-CWLITEARM/simpleserial-aes.o
 .debug_abbrev  0x00000188      0x2de objdir-CWLITEARM/simpleserial.o
 .debug_abbrev  0x00000466      0x225 objdir-CWLITEARM/stm32f3_hal.o
 .debug_abbrev  0x0000068b      0x4af objdir-CWLITEARM/stm32f3_hal_lowlevel.o

.debug_loc      0x00000000     0x206e
 .debug_loc     0x00000000      0x24b objdir-CWLITEARM/simpleserial-aes.o
 .debug_loc     0x0000024b      0x60e objdir-CWLITEARM/simpleserial.o
 .debug_loc     0x00000859      0x1a4 objdir-CWLITEARM/stm32f3_hal.o
 .debug_loc     0x000009fd     0x1671 objdir-CWLITEARM/stm32f3_hal_lowlevel.o

.debug_aranges  0x00000000      0x1b8
 .debug_aranges
                0x00000000       0x58 objdir-CWLITEARM/simpleserial-aes.o
 .debug_aranges
                0x00000058       0x70 objdir-CWLITEARM/simpleserial.o
 .debug_aranges
                0x000000c8       0x60 objdir-CWLITEARM/stm32f3_hal.o
 .debug_aranges
                0x00000128       0x90 objdir-CWLITEARM/stm32f3_hal_lowlevel.o

.debug_ranges   0x00000000      0x418
 .debug_ranges  0x00000000       0x60 objdir-CWLITEARM/simpleserial-aes.o
 .debug_ranges  0x00000060      0x108 objdir-CWLITEARM/simpleserial.o
 .debug_ranges  0x00000168       0xb0 objdir-CWLITEARM/stm32f3_hal.o
 .debug_ranges  0x00000218      0x200 objdir-CWLITEARM/stm32f3_hal_lowlevel.o

.debug_line     0x00000000     0x23a6
 .debug_line    0x00000000      0x2e5 objdir-CWLITEARM/simpleserial-aes.o
 .debug_line    0x000002e5      0x5cf objdir-CWLITEARM/simpleserial.o
 .debug_line    0x000008b4      0x3c7 objdir-CWLITEARM/stm32f3_hal.o
 .debug_line    0x00000c7b     0x172b objdir-CWLITEARM/stm32f3_hal_lowlevel.o

.debug_str      0x00000000     0x139c
 .debug_str     0x00000000      0x33e objdir-CWLITEARM/simpleserial-aes.o
                                0x388 (size before relaxing)
 .debug_str     0x0000033e       0xcc objdir-CWLITEARM/simpleserial.o
                                0x343 (size before relaxing)
 .debug_str     0x0000040a      0x6d3 objdir-CWLITEARM/stm32f3_hal.o
                                0x963 (size before relaxing)
 .debug_str     0x00000add      0x8bf objdir-CWLITEARM/stm32f3_hal_lowlevel.o
                               0x11c8 (size before relaxing)

.comment        0x00000000       0x4d
 .comment       0x00000000       0x4d objdir-CWLITEARM/simpleserial-aes.o
                                 0x4e (size before relaxing)
 .comment       0x0000004d       0x4e objdir-CWLITEARM/simpleserial.o
 .comment       0x0000004d       0x4e objdir-CWLITEARM/stm32f3_hal.o
 .comment       0x0000004d       0x4e objdir-CWLITEARM/stm32f3_hal_lowlevel.o

.debug_frame    0x00000000      0x504
 .debug_frame   0x00000000       0xcc objdir-CWLITEARM/simpleserial-aes.o
 .debug_frame   0x000000cc      0x14c objdir-CWLITEARM/simpleserial.o
 .debug_frame   0x00000218       0xec objdir-CWLITEARM/stm32f3_hal.o
 .debug_frame   0x00000304      0x1d4 objdir-CWLITEARM/stm32f3_hal_lowlevel.o
 .debug_frame   0x000004d8       0x2c c:/users/vadim/chipwh~1/cw/home/portable/armgcc/bin/../lib/gcc/arm-none-eabi/10.2.1/../../../../arm-none-eabi/lib/thumb/v7e-m/nofp\libg_nano.a(lib_a-init.o)

.stab           0x00000000      0x144
 .stab          0x00000000      0x144 objdir-CWLITEARM/stm32f3_startup.o

.stabstr        0x00000000       0x51
 .stabstr       0x00000000       0x51 objdir-CWLITEARM/stm32f3_startup.o

Cross Reference Table

Symbol                                            File
BusFault_Handler                                  objdir-CWLITEARM/stm32f3_startup.o
DebugMon_Handler                                  objdir-CWLITEARM/stm32f3_startup.o
Default_Handler                                   objdir-CWLITEARM/stm32f3_startup.o
GOST_ECB_indp_crypto                              objdir-CWLITEARM/gost.o
                                                  objdir-CWLITEARM/gost-independant.o
GOST_ECB_indp_setkey                              objdir-CWLITEARM/gost.o
                                                  objdir-CWLITEARM/gost-independant.o
HAL_GPIO_Init                                     objdir-CWLITEARM/stm32f3_hal_lowlevel.o
                                                  objdir-CWLITEARM/stm32f3_hal.o
HAL_GPIO_WritePin                                 objdir-CWLITEARM/stm32f3_hal_lowlevel.o
                                                  objdir-CWLITEARM/stm32f3_hal.o
HAL_GetTick                                       objdir-CWLITEARM/stm32f3_hal_lowlevel.o
HAL_IncTick                                       objdir-CWLITEARM/stm32f3_hal_lowlevel.o
HAL_InitTick                                      objdir-CWLITEARM/stm32f3_hal_lowlevel.o
HAL_NVIC_SetPriority                              objdir-CWLITEARM/stm32f3_hal_lowlevel.o
HAL_RCC_ClockConfig                               objdir-CWLITEARM/stm32f3_hal_lowlevel.o
                                                  objdir-CWLITEARM/stm32f3_hal.o
HAL_RCC_GetPCLK1Freq                              objdir-CWLITEARM/stm32f3_hal_lowlevel.o
HAL_RCC_GetPCLK2Freq                              objdir-CWLITEARM/stm32f3_hal_lowlevel.o
HAL_RCC_GetSysClockFreq                           objdir-CWLITEARM/stm32f3_hal_lowlevel.o
HAL_RCC_OscConfig                                 objdir-CWLITEARM/stm32f3_hal_lowlevel.o
                                                  objdir-CWLITEARM/stm32f3_hal.o
HAL_UART_Init                                     objdir-CWLITEARM/stm32f3_hal_lowlevel.o
                                                  objdir-CWLITEARM/stm32f3_hal.o
HAL_UART_Receive                                  objdir-CWLITEARM/stm32f3_hal_lowlevel.o
                                                  objdir-CWLITEARM/stm32f3_hal.o
HAL_UART_Transmit                                 objdir-CWLITEARM/stm32f3_hal_lowlevel.o
                                                  objdir-CWLITEARM/stm32f3_hal.o
HardFault_Handler                                 objdir-CWLITEARM/stm32f3_startup.o
MemManage_Handler                                 objdir-CWLITEARM/stm32f3_startup.o
NMI_Handler                                       objdir-CWLITEARM/stm32f3_startup.o
PendSV_Handler                                    objdir-CWLITEARM/stm32f3_startup.o
Reset_Handler                                     objdir-CWLITEARM/stm32f3_startup.o
SVC_Handler                                       objdir-CWLITEARM/stm32f3_startup.o
SysTick_Handler                                   objdir-CWLITEARM/stm32f3_startup.o
SystemCoreClock                                   objdir-CWLITEARM/stm32f3_hal_lowlevel.o
SystemInit                                        objdir-CWLITEARM/stm32f3_startup.o
UART_CheckIdleState                               objdir-CWLITEARM/stm32f3_hal_lowlevel.o
UART_SetConfig                                    objdir-CWLITEARM/stm32f3_hal_lowlevel.o
UART_WaitOnFlagUntilTimeout                       objdir-CWLITEARM/stm32f3_hal_lowlevel.o
UartHandle                                        objdir-CWLITEARM/stm32f3_hal.o
UsageFault_Handler                                objdir-CWLITEARM/stm32f3_startup.o
__bss_end__                                       c:/users/vadim/chipwh~1/cw/home/portable/armgcc/bin/../lib/gcc/arm-none-eabi/10.2.1/../../../../arm-none-eabi/lib/thumb/v7e-m/nofp/crt0.o
__bss_start__                                     c:/users/vadim/chipwh~1/cw/home/portable/armgcc/bin/../lib/gcc/arm-none-eabi/10.2.1/../../../../arm-none-eabi/lib/thumb/v7e-m/nofp/crt0.o
__call_exitprocs                                  c:/users/vadim/chipwh~1/cw/home/portable/armgcc/bin/../lib/gcc/arm-none-eabi/10.2.1/../../../../arm-none-eabi/lib/thumb/v7e-m/nofp\libg_nano.a(lib_a-exit.o)
__deregister_frame_info                           c:/users/vadim/chipwh~1/cw/home/portable/armgcc/bin/../lib/gcc/arm-none-eabi/10.2.1/thumb/v7e-m/nofp/crtbegin.o
__dso_handle                                      c:/users/vadim/chipwh~1/cw/home/portable/armgcc/bin/../lib/gcc/arm-none-eabi/10.2.1/thumb/v7e-m/nofp/crtbegin.o
__errno                                           c:/users/vadim/chipwh~1/cw/home/portable/armgcc/bin/../lib/gcc/arm-none-eabi/10.2.1/../../../../arm-none-eabi/lib/thumb/v7e-m/nofp\libg_nano.a(lib_a-errno.o)
                                                  objdir-CWLITEARM/stm32f3_sysmem.o
__init_array_end                                  c:/users/vadim/chipwh~1/cw/home/portable/armgcc/bin/../lib/gcc/arm-none-eabi/10.2.1/../../../../arm-none-eabi/lib/thumb/v7e-m/nofp\libg_nano.a(lib_a-init.o)
__init_array_start                                c:/users/vadim/chipwh~1/cw/home/portable/armgcc/bin/../lib/gcc/arm-none-eabi/10.2.1/../../../../arm-none-eabi/lib/thumb/v7e-m/nofp\libg_nano.a(lib_a-init.o)
__libc_fini_array                                 c:/users/vadim/chipwh~1/cw/home/portable/armgcc/bin/../lib/gcc/arm-none-eabi/10.2.1/../../../../arm-none-eabi/lib/thumb/v7e-m/nofp/crt0.o
__libc_init_array                                 c:/users/vadim/chipwh~1/cw/home/portable/armgcc/bin/../lib/gcc/arm-none-eabi/10.2.1/../../../../arm-none-eabi/lib/thumb/v7e-m/nofp\libg_nano.a(lib_a-init.o)
                                                  objdir-CWLITEARM/stm32f3_startup.o
                                                  c:/users/vadim/chipwh~1/cw/home/portable/armgcc/bin/../lib/gcc/arm-none-eabi/10.2.1/../../../../arm-none-eabi/lib/thumb/v7e-m/nofp/crt0.o
__preinit_array_end                               c:/users/vadim/chipwh~1/cw/home/portable/armgcc/bin/../lib/gcc/arm-none-eabi/10.2.1/../../../../arm-none-eabi/lib/thumb/v7e-m/nofp\libg_nano.a(lib_a-init.o)
__preinit_array_start                             c:/users/vadim/chipwh~1/cw/home/portable/armgcc/bin/../lib/gcc/arm-none-eabi/10.2.1/../../../../arm-none-eabi/lib/thumb/v7e-m/nofp\libg_nano.a(lib_a-init.o)
__register_frame_info                             c:/users/vadim/chipwh~1/cw/home/portable/armgcc/bin/../lib/gcc/arm-none-eabi/10.2.1/thumb/v7e-m/nofp/crtbegin.o
__sf_fake_stderr                                  c:/users/vadim/chipwh~1/cw/home/portable/armgcc/bin/../lib/gcc/arm-none-eabi/10.2.1/../../../../arm-none-eabi/lib/thumb/v7e-m/nofp\libg_nano.a(lib_a-impure.o)
__sf_fake_stdin                                   c:/users/vadim/chipwh~1/cw/home/portable/armgcc/bin/../lib/gcc/arm-none-eabi/10.2.1/../../../../arm-none-eabi/lib/thumb/v7e-m/nofp\libg_nano.a(lib_a-impure.o)
__sf_fake_stdout                                  c:/users/vadim/chipwh~1/cw/home/portable/armgcc/bin/../lib/gcc/arm-none-eabi/10.2.1/../../../../arm-none-eabi/lib/thumb/v7e-m/nofp\libg_nano.a(lib_a-impure.o)
__stack                                           c:/users/vadim/chipwh~1/cw/home/portable/armgcc/bin/../lib/gcc/arm-none-eabi/10.2.1/../../../../arm-none-eabi/lib/thumb/v7e-m/nofp/crt0.o
_ebss                                             objdir-CWLITEARM/stm32f3_startup.o
_edata                                            objdir-CWLITEARM/stm32f3_startup.o
_estack                                           objdir-CWLITEARM/stm32f3_startup.o
_exit                                             c:/users/vadim/chipwh~1/cw/home/portable/armgcc/bin/../lib/gcc/arm-none-eabi/10.2.1/../../../../arm-none-eabi/lib/thumb/v7e-m/nofp\libnosys.a(_exit.o)
                                                  c:/users/vadim/chipwh~1/cw/home/portable/armgcc/bin/../lib/gcc/arm-none-eabi/10.2.1/../../../../arm-none-eabi/lib/thumb/v7e-m/nofp\libg_nano.a(lib_a-exit.o)
_fini                                             c:/users/vadim/chipwh~1/cw/home/portable/armgcc/bin/../lib/gcc/arm-none-eabi/10.2.1/thumb/v7e-m/nofp/crti.o
_global_impure_ptr                                c:/users/vadim/chipwh~1/cw/home/portable/armgcc/bin/../lib/gcc/arm-none-eabi/10.2.1/../../../../arm-none-eabi/lib/thumb/v7e-m/nofp\libg_nano.a(lib_a-impure.o)
                                                  c:/users/vadim/chipwh~1/cw/home/portable/armgcc/bin/../lib/gcc/arm-none-eabi/10.2.1/../../../../arm-none-eabi/lib/thumb/v7e-m/nofp\libg_nano.a(lib_a-exit.o)
_impure_ptr                                       c:/users/vadim/chipwh~1/cw/home/portable/armgcc/bin/../lib/gcc/arm-none-eabi/10.2.1/../../../../arm-none-eabi/lib/thumb/v7e-m/nofp\libg_nano.a(lib_a-impure.o)
                                                  c:/users/vadim/chipwh~1/cw/home/portable/armgcc/bin/../lib/gcc/arm-none-eabi/10.2.1/../../../../arm-none-eabi/lib/thumb/v7e-m/nofp\libg_nano.a(lib_a-errno.o)
_init                                             c:/users/vadim/chipwh~1/cw/home/portable/armgcc/bin/../lib/gcc/arm-none-eabi/10.2.1/thumb/v7e-m/nofp/crti.o
                                                  c:/users/vadim/chipwh~1/cw/home/portable/armgcc/bin/../lib/gcc/arm-none-eabi/10.2.1/../../../../arm-none-eabi/lib/thumb/v7e-m/nofp\libg_nano.a(lib_a-init.o)
_mainCRTStartup                                   c:/users/vadim/chipwh~1/cw/home/portable/armgcc/bin/../lib/gcc/arm-none-eabi/10.2.1/../../../../arm-none-eabi/lib/thumb/v7e-m/nofp/crt0.o
_sbrk                                             objdir-CWLITEARM/stm32f3_sysmem.o
_sbss                                             objdir-CWLITEARM/stm32f3_startup.o
_sdata                                            objdir-CWLITEARM/stm32f3_startup.o
_sidata                                           objdir-CWLITEARM/stm32f3_startup.o
_stack_init                                       c:/users/vadim/chipwh~1/cw/home/portable/armgcc/bin/../lib/gcc/arm-none-eabi/10.2.1/../../../../arm-none-eabi/lib/thumb/v7e-m/nofp/crt0.o
_start                                            c:/users/vadim/chipwh~1/cw/home/portable/armgcc/bin/../lib/gcc/arm-none-eabi/10.2.1/../../../../arm-none-eabi/lib/thumb/v7e-m/nofp/crt0.o
aes_indep_enc                                     objdir-CWLITEARM/simpleserial-aes.o
aes_indep_enc_posttrigger                         objdir-CWLITEARM/simpleserial-aes.o
aes_indep_enc_pretrigger                          objdir-CWLITEARM/simpleserial-aes.o
aes_indep_init                                    objdir-CWLITEARM/simpleserial-aes.o
aes_indep_key                                     objdir-CWLITEARM/simpleserial-aes.o
aes_indep_mask                                    objdir-CWLITEARM/simpleserial-aes.o
atexit                                            c:/users/vadim/chipwh~1/cw/home/portable/armgcc/bin/../lib/gcc/arm-none-eabi/10.2.1/../../../../arm-none-eabi/lib/thumb/v7e-m/nofp/crt0.o
change_err_led                                    objdir-CWLITEARM/stm32f3_hal.o
                                                  objdir-CWLITEARM/simpleserial-aes.o
change_ok_led                                     objdir-CWLITEARM/stm32f3_hal.o
                                                  objdir-CWLITEARM/simpleserial-aes.o
check_version                                     objdir-CWLITEARM/simpleserial.o
enc_multi_getpt                                   objdir-CWLITEARM/simpleserial-aes.o
enc_multi_setnum                                  objdir-CWLITEARM/simpleserial-aes.o
enckey                                            objdir-CWLITEARM/gost-independant.o
end                                               objdir-CWLITEARM/stm32f3_sysmem.o
exit                                              c:/users/vadim/chipwh~1/cw/home/portable/armgcc/bin/../lib/gcc/arm-none-eabi/10.2.1/../../../../arm-none-eabi/lib/thumb/v7e-m/nofp\libg_nano.a(lib_a-exit.o)
                                                  c:/users/vadim/chipwh~1/cw/home/portable/armgcc/bin/../lib/gcc/arm-none-eabi/10.2.1/../../../../arm-none-eabi/lib/thumb/v7e-m/nofp/crt0.o
g_pfnVectors                                      objdir-CWLITEARM/stm32f3_startup.o
get_key                                           objdir-CWLITEARM/simpleserial-aes.o
get_mask                                          objdir-CWLITEARM/simpleserial-aes.o
get_pt                                            objdir-CWLITEARM/simpleserial-aes.o
getch                                             objdir-CWLITEARM/stm32f3_hal.o
                                                  objdir-CWLITEARM/simpleserial.o
gost_indep_enc                                    objdir-CWLITEARM/gost-independant.o
gost_indep_enc_posttrigger                        objdir-CWLITEARM/gost-independant.o
gost_indep_enc_pretrigger                         objdir-CWLITEARM/gost-independant.o
gost_indep_init                                   objdir-CWLITEARM/gost-independant.o
gost_indep_key                                    objdir-CWLITEARM/gost-independant.o
gost_indep_mask                                   objdir-CWLITEARM/gost-independant.o
hal_sys_tick                                      objdir-CWLITEARM/stm32f3_hal_lowlevel.o
hardware_init_hook                                c:/users/vadim/chipwh~1/cw/home/portable/armgcc/bin/../lib/gcc/arm-none-eabi/10.2.1/../../../../arm-none-eabi/lib/thumb/v7e-m/nofp/crt0.o
hex_decode                                        objdir-CWLITEARM/simpleserial.o
init_uart                                         objdir-CWLITEARM/stm32f3_hal.o
                                                  objdir-CWLITEARM/simpleserial-aes.o
main                                              objdir-CWLITEARM/simpleserial-aes.o
                                                  objdir-CWLITEARM/stm32f3_startup.o
                                                  c:/users/vadim/chipwh~1/cw/home/portable/armgcc/bin/../lib/gcc/arm-none-eabi/10.2.1/../../../../arm-none-eabi/lib/thumb/v7e-m/nofp/crt0.o
memset                                            c:/users/vadim/chipwh~1/cw/home/portable/armgcc/bin/../lib/gcc/arm-none-eabi/10.2.1/../../../../arm-none-eabi/lib/thumb/v7e-m/nofp\libg_nano.a(lib_a-memset.o)
                                                  c:/users/vadim/chipwh~1/cw/home/portable/armgcc/bin/../lib/gcc/arm-none-eabi/10.2.1/../../../../arm-none-eabi/lib/thumb/v7e-m/nofp/crt0.o
platform_init                                     objdir-CWLITEARM/stm32f3_hal.o
                                                  objdir-CWLITEARM/simpleserial-aes.o
putch                                             objdir-CWLITEARM/stm32f3_hal.o
                                                  objdir-CWLITEARM/simpleserial.o
reset                                             objdir-CWLITEARM/simpleserial-aes.o
simpleserial_addcmd                               objdir-CWLITEARM/simpleserial.o
                                                  objdir-CWLITEARM/simpleserial-aes.o
simpleserial_addcmd_flags                         objdir-CWLITEARM/simpleserial.o
                                                  objdir-CWLITEARM/simpleserial-aes.o
simpleserial_get                                  objdir-CWLITEARM/simpleserial.o
                                                  objdir-CWLITEARM/simpleserial-aes.o
simpleserial_init                                 objdir-CWLITEARM/simpleserial.o
                                                  objdir-CWLITEARM/simpleserial-aes.o
simpleserial_put                                  objdir-CWLITEARM/simpleserial.o
                                                  objdir-CWLITEARM/simpleserial-aes.o
software_init_hook                                c:/users/vadim/chipwh~1/cw/home/portable/armgcc/bin/../lib/gcc/arm-none-eabi/10.2.1/../../../../arm-none-eabi/lib/thumb/v7e-m/nofp/crt0.o
ss_crc                                            objdir-CWLITEARM/simpleserial.o
ss_get_commands                                   objdir-CWLITEARM/simpleserial.o
ss_num_commands                                   objdir-CWLITEARM/simpleserial.o
trigger_high                                      objdir-CWLITEARM/stm32f3_hal.o
                                                  objdir-CWLITEARM/simpleserial-aes.o
trigger_low                                       objdir-CWLITEARM/stm32f3_hal.o
                                                  objdir-CWLITEARM/simpleserial-aes.o
trigger_setup                                     objdir-CWLITEARM/stm32f3_hal.o
                                                  objdir-CWLITEARM/simpleserial-aes.o
uwTick                                            objdir-CWLITEARM/stm32f3_hal_lowlevel.o
